save to file fd: 19
+++Calix+++CDC+++Premise+++Header+++
Software Version: 12.2.10.0.54
mapagent crashed on Sat Dec 25 09:29:39 2021
crash type: 11    SIGSEGV
bad address 0xb86
$ 0   : 00000000 10009900 00000000 ffff0000
$ 4   : 00000001 00000001 764a9124 00000001
$ 8   : 007f8d70 fffffffe 00000000 fffffff0
$12   : 007fffff 000000b0 8bd70000 00000000
$16   : 00000010 007f8b98 007edf20 00000056
$20   : 00000000 007eee30 00000001 007edf60
$24   : 00000000 76fc9748                  
$28   : 770e92f0 7fbcd3f8 00000013 770b659c
mdhi  : 00000000
mdlo  : 00000000
epc   : 770b6450
ra    : 770b659c
sp    : 7fbcd3f8
Status: 00000000
function backtrace:
0x770b659c:lws_service_fd_tsi:libwebsockets.so.12:0x770ac000
0x770b6450:lws_service_fd_tsi:libwebsockets.so.12:0x770ac000

raw function backtrace:
0x770b6450:lws_service_fd_tsi:libwebsockets.so.12:0x770ac000
0x7643b884:__ctype_b_loc:libc.so.0   :0x76429000
0x76459404:(null)      :libc.so.0   :0x76429000
0x7645e1b0:fputs_unlocked:libc.so.0   :0x76429000
0x772a657c:__dl_runtime_resolve:ld-uClibc.so.0:0x772a4000
0x772a8a78:_dl_runtime_resolve:ld-uClibc.so.0:0x772a4000
0x770c4b7c:_lws_plat_service_tsi:libwebsockets.so.12:0x770ac000
0x0040904c:(null)      :mapagent    :0x00400000
0x771b6d90:dl_poll_fds_ctx:libdaemonlib.so.0:0x771aa000
0x772a633c:_dl_fixup   :ld-uClibc.so.0:0x772a4000
0x772a633c:_dl_fixup   :ld-uClibc.so.0:0x772a4000
0x772a633c:_dl_fixup   :ld-uClibc.so.0:0x772a4000
0x772a633c:_dl_fixup   :ld-uClibc.so.0:0x772a4000
0x772a633c:_dl_fixup   :ld-uClibc.so.0:0x772a4000
0x772a633c:_dl_fixup   :ld-uClibc.so.0:0x772a4000
0x764865d8:(null)      :libc.so.0   :0x76429000
0x76439914:stat        :libc.so.0   :0x76429000
0x76476a48:(null)      :libc.so.0   :0x76429000
0x76fc6440:pthread_mutex_lock:libpthread.so.0:0x76fc0000
0x76fc3fe4:_pthread_cleanup_pop_restore:libpthread.so.0:0x76fc0000
0x76fc6440:pthread_mutex_lock:libpthread.so.0:0x76fc0000
0x76fc66b4:pthread_mutex_unlock:libpthread.so.0:0x76fc0000
0x7647d1b0:free        :libc.so.0   :0x76429000
0x76fc3fe4:_pthread_cleanup_pop_restore:libpthread.so.0:0x76fc0000
0x7645db24:(null)      :libc.so.0   :0x76429000
0x7643b884:__ctype_b_loc:libc.so.0   :0x76429000
0x76459404:(null)      :libc.so.0   :0x76429000
0x76fc66b4:pthread_mutex_unlock:libpthread.so.0:0x76fc0000
0x76fc6440:pthread_mutex_lock:libpthread.so.0:0x76fc0000
0x76fc3fe4:_pthread_cleanup_pop_restore:libpthread.so.0:0x76fc0000
0x7647c690:malloc      :libc.so.0   :0x76429000
0x7645e1b0:fputs_unlocked:libc.so.0   :0x76429000

0x7fbcd3f8: 00000000  7643b884  770cf55c  7fbcd424  
0x7fbcd408: 00000000  00000000  00000035  0000006d  
0x7fbcd418: 770e92f0  76459404  61c72ad3  6d617000  
0x7fbcd428: 302e3232  332e3500  764ab4d0  7643b860  
0x7fbcd438: 00000000  00000000  7fffffff  00000008  
0x7fbcd448: 00000008  00000000  00000030  0000006d  
0x7fbcd458: 7fbcd570  771bc5dc  00000025  76459280  
0x7fbcd468: 764ab4d0  7645e8f0  0000002a  7643b860  
0x7fbcd478: 0ccccccc  00000000  7648eef3  76459000  
0x7fbcd488: 7648eed4  7645e1b0  00000030  7fbcd498  
0x7fbcd498: 764ab4d0  7fbcd660  764ab4d0  7648eed4  
0x7fbcd4a8: 772c1010  0000001f  7642b7f4  76430e04  
0x7fbcd4b8: 00000000  772a4000  f0000000  00000001  
0x7fbcd4c8: 007edf60  00000157  770e1300  00000059  
0x7fbcd4d8: 00000068  770af6c3  004b3ad4  00c17b9c  
0x7fbcd4e8: 7fbcd4f0  772a657c  7648e1c5  00000004  
0x7fbcd4f8: 00000044  0042ebc4  00000000  00000020  
0x7fbcd508: 772c1010  00000001  007edf60  007edf20  
0x7fbcd518: 00000000  00000000  007f7100  7645e8f0  
0x7fbcd528: 00000055  772a8a78  007edf60  007edf20  
0x7fbcd538: 00000000  00000001  00000000  770d044c  
0x7fbcd548: 004b3ad4  00c17b9c  7fbcd778  770c4b7c  
0x7fbcd558: 7fbcd580  0000001f  00000000  00000000  
0x7fbcd568: 00000000  00000000  770e92f0  ffffffff  
0x7fbcd578: 00000000  00000064  00000000  00000000  
0x7fbcd588: 00000000  00000000  00000000  00000000  
0x7fbcd598: 00000000  00000000  00000000  00000000  
0x7fbcd5a8: 00000000  00000000  00000000  00000000  
0x7fbcd5b8: 00000000  00000000  00000000  00000000  
0x7fbcd5c8: 00000000  00000000  00000000  00000000  
0x7fbcd5d8: 00000000  00000000  00000000  00000000  
0x7fbcd5e8: 00000000  00000000  00000000  00000000  
0x7fbcd5f8: 00000000  00000000  00000000  00000000  
0x7fbcd608: 00000000  00000000  00000000  00000000  
0x7fbcd618: 00000000  00000000  00000000  00000000  
0x7fbcd628: 00000000  00000000  00000000  00000000  
0x7fbcd638: 00000000  00000000  00000000  00000000  
0x7fbcd648: 00000000  00000000  00000000  00000000  
0x7fbcd658: 00000000  00000000  00000000  00000000  
0x7fbcd668: 00000000  00000000  00000000  00000000  
0x7fbcd678: 00000000  00000000  00000000  00000000  
0x7fbcd688: 00000000  00000000  00000000  00000000  
0x7fbcd698: 00000000  00000000  00000000  00000000  
0x7fbcd6a8: 00000000  00000000  00000000  00000000  
0x7fbcd6b8: 00000000  00000000  00000000  00000000  
0x7fbcd6c8: 00000000  00000000  00000000  007edf20  
0x7fbcd6d8: 00000000  00000000  00000000  00000000  
0x7fbcd6e8: 00000000  00000000  00000000  00000000  
0x7fbcd6f8: 00000000  00000000  00000000  00000000  
0x7fbcd708: 00000000  00000000  00000000  00000000  
0x7fbcd718: 00000000  00000000  00000000  00000000  
0x7fbcd728: 00000000  00000000  00000000  00000000  
0x7fbcd738: 00000000  00000000  00000000  00000000  
0x7fbcd748: 00000000  00000000  00000000  00000000  
0x7fbcd758: 771d65e0  00000007  00000004  7fbcd7ce  
0x7fbcd768: 00000003  7fbcdfe0  7645e8f0  0040904c  
0x7fbcd778: 00000015  00000003  007f6994  00000007  
0x7fbcd788: 0044f910  7fbcd7be  7fbcf3c8  771b6d90  
0x7fbcd798: 00000013  00000004  00000000  00000000  
0x7fbcd7a8: 771d65e0  00000000  00000015  00010019  
0x7fbcd7b8: 00000014  00010000  00000013  00050004  
0x7fbcd7c8: 0000000d  00010001  0000000b  00010000  
0x7fbcd7d8: 0000000a  00030001  00000009  00010000  
0x7fbcd7e8: 7655e7a4  76561e14  765c1980  772a633c  

maps info:
00400000-00432000 r-xp 00000000 1f:00 127        /bin/mapagent
00442000-00448000 rw-p 00032000 1f:00 127        /bin/mapagent
00448000-00449000 rwxp 00000000 00:00 0 
007db000-007e2000 rwxp 00000000 00:00 0          [heap]
007e2000-0081a000 rwxp 00000000 00:00 0          [heap]
58800000-588e2000 rw-s 00000000 00:04 0          /SYSV00000000 (deleted)
76244000-76247000 r-xp 00000000 1f:00 1215       /lib/libcrypt.so.0
76247000-76256000 ---p 00000000 00:00 0 
76256000-76257000 rw-p 00002000 1f:00 1215       /lib/libcrypt.so.0
76257000-76268000 rw-p 00000000 00:00 0 
76268000-762a5000 r-xp 00000000 1f:00 1261       /lib/libgettextsrc-0.19.so
762a5000-762b4000 ---p 00000000 00:00 0 
762b4000-762b6000 rw-p 0003c000 1f:00 1261       /lib/libgettextsrc-0.19.so
762b6000-762fe000 r-xp 00000000 1f:00 1260       /lib/libgettextpo.so.0.5.2
762fe000-7630d000 ---p 00000000 00:00 0 
7630d000-7630f000 rw-p 00047000 1f:00 1260       /lib/libgettextpo.so.0.5.2
7630f000-76311000 r-xp 00000000 1f:00 1190       /lib/libasprintf.so.0.0.0
76311000-76320000 ---p 00000000 00:00 0 
76320000-76321000 rw-p 00001000 1f:00 1190       /lib/libasprintf.so.0.0.0
76321000-763e5000 r-xp 00000000 1f:00 1329       /lib/libstdc++.so.6
763e5000-763f5000 ---p 00000000 00:00 0 
763f5000-763fc000 r--p 000c4000 1f:00 1329       /lib/libstdc++.so.6
763fc000-763ff000 rw-p 000cb000 1f:00 1329       /lib/libstdc++.so.6
763ff000-76405000 rw-p 00000000 00:00 0 
76405000-76406000 r-xp 00000000 1f:00 1324       /lib/librt.so.0
76406000-76415000 ---p 00000000 00:00 0 
76415000-76416000 rw-p 00000000 1f:00 1324       /lib/librt.so.0
76416000-76418000 r-xp 00000000 1f:00 1225       /lib/libdl.so.0
76418000-76427000 ---p 00000000 00:00 0 
76427000-76428000 r--p 00001000 1f:00 1225       /lib/libdl.so.0
76428000-76429000 rw-p 00002000 1f:00 1225       /lib/libdl.so.0
76429000-76493000 r-xp 00000000 1f:00 1198       /lib/libc.so.0
76493000-764a2000 ---p 00000000 00:00 0 
764a2000-764a3000 r--p 00069000 1f:00 1198       /lib/libc.so.0
764a3000-764a5000 rw-p 0006a000 1f:00 1198       /lib/libc.so.0
764a5000-764aa000 rw-p 00000000 00:00 0 
764aa000-764d4000 r-xp 00000000 1f:00 1254       /lib/libgcc_s.so.1
764d4000-764e3000 ---p 00000000 00:00 0 
764e3000-764e4000 rw-p 00029000 1f:00 1254       /lib/libgcc_s.so.1
764e4000-764e6000 r-xp 00000000 1f:00 1321       /lib/libqsteer_comm_ext.so
764e6000-764f5000 ---p 00000000 00:00 0 
764f5000-764f6000 rw-p 00001000 1f:00 1321       /lib/libqsteer_comm_ext.so
764f6000-76513000 r-xp 00000000 1f:00 1339       /lib/libtransceiver.so
76513000-76522000 ---p 00000000 00:00 0 
76522000-76523000 rw-p 0001c000 1f:00 1339       /lib/libtransceiver.so
76523000-76526000 r-xp 00000000 1f:00 1325       /lib/libsimcardctl.so
76526000-76535000 ---p 00000000 00:00 0 
76535000-76536000 rw-p 00002000 1f:00 1325       /lib/libsimcardctl.so
76536000-7654d000 r-xp 00000000 1f:00 1297       /lib/libomci.so
7654d000-7655c000 ---p 00000000 00:00 0 
7655c000-7655d000 rw-p 00016000 1f:00 1297       /lib/libomci.so
7655d000-7658d000 r-xp 00000000 1f:00 1289       /lib/libmdm.so
7658d000-7659c000 ---p 00000000 00:00 0 
7659c000-765c3000 rw-p 0002f000 1f:00 1289       /lib/libmdm.so
765c3000-765c9000 r-xp 00000000 1f:00 1269       /lib/libgponctl.so
765c9000-765d8000 ---p 00000000 00:00 0 
765d8000-765d9000 rw-p 00005000 1f:00 1269       /lib/libgponctl.so
765d9000-765e4000 r-xp 00000000 1f:00 1213       /lib/libcms_qdm.so
765e4000-765f3000 ---p 00000000 00:00 0 
765f3000-765f4000 rw-p 0000a000 1f:00 1213       /lib/libcms_qdm.so
765f4000-76642000 r-xp 00000000 1f:00 1209       /lib/libcms_cli.so
76642000-76652000 ---p 00000000 00:00 0 
76652000-76655000 rw-p 0004e000 1f:00 1209       /lib/libcms_cli.so
76655000-76658000 rw-p 00000000 00:00 0 
76658000-76663000 r-xp 00000000 1f:00 1338       /lib/libtmctl.so
76663000-76672000 ---p 00000000 00:00 0 
76672000-76673000 rw-p 0000a000 1f:00 1338       /lib/libtmctl.so
76673000-76677000 r-xp 00000000 1f:00 1322       /lib/librdpactl.so
76677000-76686000 ---p 00000000 00:00 0 
76686000-76687000 rw-p 00003000 1f:00 1322       /lib/librdpactl.so
76687000-7668b000 r-xp 00000000 1f:00 1298       /lib/libomcipm_drv.so
7668b000-7669a000 ---p 00000000 00:00 0 
7669a000-7669b000 rw-p 00003000 1f:00 1298       /lib/libomcipm_drv.so
7669b000-7669c000 r-xp 00000000 1f:00 1250       /lib/libfcctl.so
7669c000-766ab000 ---p 00000000 00:00 0 
766ab000-766ac000 rw-p 00000000 1f:00 1250       /lib/libfcctl.so
766ac000-76724000 r-xp 00000000 1f:00 1211       /lib/libcms_dal.so
76724000-76734000 ---p 00000000 00:00 0 
76734000-76736000 rw-p 00078000 1f:00 1211       /lib/libcms_dal.so
76736000-7673f000 rw-p 00000000 00:00 0 
7673f000-76741000 r-xp 00000000 1f:00 1196       /lib/libbridgeutil.so
76741000-76750000 ---p 00000000 00:00 0 
76750000-76751000 rw-p 00001000 1f:00 1196       /lib/libbridgeutil.so
76751000-7675a000 r-xp 00000000 1f:00 1344       /lib/libvlanctl.so
7675a000-76769000 ---p 00000000 00:00 0 
76769000-7676a000 rw-p 00008000 1f:00 1344       /lib/libvlanctl.so
7676a000-7676c000 r-xp 00000000 1f:00 1326       /lib/libsnoopctl.so
7676c000-7677b000 ---p 00000000 00:00 0 
7677b000-7677c000 rw-p 00001000 1f:00 1326       /lib/libsnoopctl.so
7677c000-7677e000 r-xp 00000000 1f:00 1316       /lib/libpwrctl.so
7677e000-7678d000 ---p 00000000 00:00 0 
7678d000-7678e000 rw-p 00001000 1f:00 1316       /lib/libpwrctl.so
7678e000-76790000 r-xp 00000000 1f:00 1294       /lib/libnanoxml.so
76790000-7679f000 ---p 00000000 00:00 0 
7679f000-767a0000 rw-p 00001000 1f:00 1294       /lib/libnanoxml.so
767a0000-767a2000 r-xp 00000000 1f:00 1270       /lib/libgponif.so
767a2000-767b1000 ---p 00000000 00:00 0 
767b1000-767b2000 rw-p 00001000 1f:00 1270       /lib/libgponif.so
767b2000-767c2000 r-xp 00000000 1f:00 1243       /lib/libethswctl.so
767c2000-767d1000 ---p 00000000 00:00 0 
767d1000-767d2000 rw-p 0000f000 1f:00 1243       /lib/libethswctl.so
767d2000-76997000 r-xp 00000000 1f:00 1210       /lib/libcms_core.so
76997000-769a6000 ---p 00000000 00:00 0 
769a6000-769b2000 rw-p 001c4000 1f:00 1210       /lib/libcms_core.so
769b2000-769d2000 rw-p 00000000 00:00 0 
769d2000-769d3000 r-xp 00000000 1f:00 1191       /lib/libbcm_crc.so
769d3000-769e2000 ---p 00000000 00:00 0 
769e2000-769e3000 rw-p 00000000 1f:00 1191       /lib/libbcm_crc.so
769e3000-769e9000 r-xp 00000000 1f:00 1192       /lib/libbcm_flashutil.so
769e9000-769f9000 ---p 00000000 00:00 0 
769f9000-769fa000 rw-p 00006000 1f:00 1192       /lib/libbcm_flashutil.so
769fa000-769fd000 r-xp 00000000 1f:00 1212       /lib/libcms_msg.so
769fd000-76a0c000 ---p 00000000 00:00 0 
76a0c000-76a0d000 rw-p 00002000 1f:00 1212       /lib/libcms_msg.so
76a0d000-76a11000 r-xp 00000000 1f:00 1208       /lib/libcms_boardctl.so
76a11000-76a20000 ---p 00000000 00:00 0 
76a20000-76a21000 rw-p 00003000 1f:00 1208       /lib/libcms_boardctl.so
76a21000-76a48000 r-xp 00000000 1f:00 1214       /lib/libcms_util.so
76a48000-76a57000 ---p 00000000 00:00 0 
76a57000-76a58000 rw-p 00026000 1f:00 1214       /lib/libcms_util.so
76a58000-76a5e000 r-xp 00000000 1f:00 1295       /lib/libngxutils.so
76a5e000-76a6e000 ---p 00000000 00:00 0 
76a6e000-76a6f000 rw-p 00006000 1f:00 1295       /lib/libngxutils.so
76a6f000-76a83000 rw-p 00000000 00:00 0 
76a83000-76bce000 r-xp 00000000 1f:00 1217       /lib/libcrypto.so.1.0.0
76bce000-76bdd000 ---p 00000000 00:00 0 
76bdd000-76bef000 rw-p 0014a000 1f:00 1217       /lib/libcrypto.so.1.0.0
76bef000-76bf0000 rw-p 00000000 00:00 0 
76bf0000-76bf5000 r-xp 00000000 1f:00 1199       /lib/libcJSON.so
76bf5000-76c04000 ---p 00000000 00:00 0 
76c04000-76c05000 rw-p 00004000 1f:00 1199       /lib/libcJSON.so
76c05000-76c19000 r-xp 00000000 1f:00 1194       /lib/libbdinfo.so
76c19000-76c28000 ---p 00000000 00:00 0 
76c28000-76c2a000 rw-p 00013000 1f:00 1194       /lib/libbdinfo.so
76c2a000-76c2d000 r-xp 00000000 1f:00 1253       /lib/libffi.so.6.0.4
76c2d000-76c3c000 ---p 00000000 00:00 0 
76c3c000-76c3d000 rw-p 00002000 1f:00 1253       /lib/libffi.so.6.0.4
76c3d000-76c4e000 r-xp 00000000 1f:00 1337       /lib/libtinyxml.so.0.0.0
76c4e000-76c5e000 ---p 00000000 00:00 0 
76c5e000-76c5f000 rw-p 00011000 1f:00 1337       /lib/libtinyxml.so.0.0.0
76c5f000-76d81000 r-xp 00000000 1f:00 1256       /lib/libgettextlib-0.19.so
76d81000-76d91000 ---p 00000000 00:00 0 
76d91000-76d95000 rw-p 00122000 1f:00 1256       /lib/libgettextlib-0.19.so
76d95000-76d97000 rw-p 00000000 00:00 0 
76d97000-76d99000 r-xp 00000000 1f:00 1200       /lib/libcalix_lib.so
76d99000-76da8000 ---p 00000000 00:00 0 
76da8000-76da9000 r--p 00001000 1f:00 1200       /lib/libcalix_lib.so
76da9000-76daa000 rw-p 00002000 1f:00 1200       /lib/libcalix_lib.so
76daa000-76db2000 r-xp 00000000 1f:00 1274       /lib/libintl.so.8.1.2
76db2000-76dc2000 ---p 00000000 00:00 0 
76dc2000-76dc3000 rw-p 00008000 1f:00 1274       /lib/libintl.so.8.1.2
76dc3000-76f4d000 r-xp 00000000 1f:00 1265       /lib/libglib-2.0.so.0.4400.1
76f4d000-76f5c000 ---p 00000000 00:00 0 
76f5c000-76f5f000 rw-p 00189000 1f:00 1265       /lib/libglib-2.0.so.0.4400.1
76f5f000-76faf000 r-xp 00000000 1f:00 1268       /lib/libgobject-2.0.so.0.4400.1
76faf000-76fbe000 ---p 00000000 00:00 0 
76fbe000-76fc0000 rw-p 0004f000 1f:00 1268       /lib/libgobject-2.0.so.0.4400.1
76fc0000-76fcd000 r-xp 00000000 1f:00 1312       /lib/libpthread.so.0
76fcd000-76fdc000 ---p 00000000 00:00 0 
76fdc000-76fdd000 r--p 0000c000 1f:00 1312       /lib/libpthread.so.0
76fdd000-76fe2000 rw-p 0000d000 1f:00 1312       /lib/libpthread.so.0
76fe2000-76fe4000 rw-p 00000000 00:00 0 
76fe4000-7702d000 r-xp 00000000 1f:00 1328       /lib/libssl.so.1.0.0
7702d000-7703c000 ---p 00000000 00:00 0 
7703c000-77041000 rw-p 00048000 1f:00 1328       /lib/libssl.so.1.0.0
77041000-77044000 r-xp 00000000 1f:00 1288       /lib/libmaputils.so.1.0.0
77044000-77053000 ---p 00000000 00:00 0 
77053000-77054000 rw-p 00002000 1f:00 1288       /lib/libmaputils.so.1.0.0
77054000-7705f000 r-xp 00000000 1f:00 1282       /lib/libmapagent.so
7705f000-7706e000 ---p 00000000 00:00 0 
7706e000-7706f000 rw-p 0000a000 1f:00 1282       /lib/libmapagent.so
7706f000-77090000 rw-p 00000000 00:00 0 
77090000-7709c000 r-xp 00000000 1f:00 1334       /lib/libthrift.so.0.0.0
7709c000-770ab000 ---p 00000000 00:00 0 
770ab000-770ac000 rw-p 0000b000 1f:00 1334       /lib/libthrift.so.0.0.0
770ac000-770d1000 r-xp 00000000 1f:00 1346       /lib/libwebsockets.so.12
770d1000-770e1000 ---p 00000000 00:00 0 
770e1000-770e2000 rw-p 00025000 1f:00 1346       /lib/libwebsockets.so.12
770e2000-7711b000 r-xp 00000000 1f:00 1315       /lib/libpugixml.so.1.0.0
7711b000-7712b000 ---p 00000000 00:00 0 
7712b000-7712c000 rw-p 00039000 1f:00 1315       /lib/libpugixml.so.1.0.0
7712c000-77135000 r-xp 00000000 1f:00 1357       /lib/libxl_pugi.so.0.0.1
77135000-77145000 ---p 00000000 00:00 0 
77145000-77146000 rw-p 00009000 1f:00 1357       /lib/libxl_pugi.so.0.0.1
77146000-7714d000 r-xp 00000000 1f:00 1246       /lib/libexa_lib.so.0.0.1
7714d000-7715c000 ---p 00000000 00:00 0 
7715c000-7715d000 rw-p 00006000 1f:00 1246       /lib/libexa_lib.so.0.0.1
7715d000-77167000 r-xp 00000000 1f:00 1343       /lib/libvalidate.so.0.0.1
77167000-77176000 ---p 00000000 00:00 0 
77176000-77177000 rw-p 00009000 1f:00 1343       /lib/libvalidate.so.0.0.1
77177000-7717f000 r-xp 00000000 1f:00 1207       /lib/libcmd_parser.so.1.0.1
7717f000-7718f000 ---p 00000000 00:00 0 
7718f000-77190000 rw-p 00008000 1f:00 1207       /lib/libcmd_parser.so.1.0.1
77190000-77191000 rw-p 00000000 00:00 0 
77191000-7719a000 r-xp 00000000 1f:00 1184       /lib/libarc.so.0.0.1
7719a000-771a9000 ---p 00000000 00:00 0 
771a9000-771aa000 rw-p 00008000 1f:00 1184       /lib/libarc.so.0.0.1
771aa000-771bf000 r-xp 00000000 1f:00 1224       /lib/libdaemonlib.so.0.0.1
771bf000-771ce000 ---p 00000000 00:00 0 
771ce000-771cf000 rw-p 00014000 1f:00 1224       /lib/libdaemonlib.so.0.0.1
771cf000-771e5000 r-xp 00000000 1f:00 1281       /lib/libm.so.0
771e5000-771f5000 ---p 00000000 00:00 0 
771f5000-771f6000 rw-p 00016000 1f:00 1281       /lib/libm.so.0
771f6000-77201000 r-xp 00000000 1f:00 1197       /lib/libbt.so
77201000-77210000 ---p 00000000 00:00 0 
77210000-77211000 rw-p 0000a000 1f:00 1197       /lib/libbt.so
77211000-77219000 r-xp 00000000 1f:00 1301       /lib/libp2utils.so.1.0.0
77219000-77229000 ---p 00000000 00:00 0 
77229000-7722b000 rw-p 00008000 1f:00 1301       /lib/libp2utils.so.1.0.0
7722b000-77293000 r-xp 00000000 1f:00 1221       /lib/libcurl.so.4.5.0
77293000-772a2000 ---p 00000000 00:00 0 
772a2000-772a4000 rw-p 00067000 1f:00 1221       /lib/libcurl.so.4.5.0
772a4000-772a9000 r-xp 00000000 1f:00 1181       /lib/ld-uClibc.so.0
772b2000-772b8000 rw-p 00000000 00:00 0 
772b8000-772b9000 r--p 00004000 1f:00 1181       /lib/ld-uClibc.so.0
772b9000-772ba000 rw-p 00005000 1f:00 1181       /lib/ld-uClibc.so.0
7f3fd000-7f400000 rwxp 00000000 00:00 0 
7fbaf000-7fbd0000 rwxp 00000000 00:00 0          [stack]
7fff7000-7fff8000 r-xp 00000000 00:00 0          [vdso]

meminfo:
MemTotal:         226668 kB
MemFree:           52952 kB
Buffers:               0 kB
Cached:            63192 kB
SwapCached:            0 kB
Active:            35276 kB
Inactive:          55688 kB
Active(anon):      28380 kB
Inactive(anon):    29060 kB
Active(file):       6896 kB
Inactive(file):    26628 kB
Unevictable:           0 kB
Mlocked:               0 kB
HighTotal:             0 kB
HighFree:              0 kB
LowTotal:         226668 kB
LowFree:           52952 kB
SwapTotal:             0 kB
SwapFree:              0 kB
Dirty:                 0 kB
Writeback:             0 kB
AnonPages:         27776 kB
Mapped:            11644 kB
Shmem:             29668 kB
Slab:              67448 kB
SReclaimable:       1892 kB
SUnreclaim:        65556 kB
KernelStack:        8640 kB
PageTables:         1220 kB
NFS_Unstable:          0 kB
Bounce:                0 kB
WritebackTmp:          0 kB
CommitLimit:      113332 kB
Committed_AS:      78872 kB
VmallocTotal:    1015800 kB
VmallocUsed:       14392 kB
VmallocChunk:     977832 kB
+++Calix+++CDC+++Premise+++Tailer+++
