save to file fd: 21
+++Calix+++CDC+++Premise+++Header+++
Software Version: 12.2.12.2.3
potsmgr crashed on Wed Dec 31 19:02:34 1969
crash type: 11    SIGSEGV
bad address 0xd8
$ 0   : 00000000 10009901 00000000 00e95150
$ 4   : 00001007 00000000 00020000 0000160a
$ 8   : fffffe9a fffffe99 431bde83 36aca1ca
$12   : 00000300 8be7d820 00000020 8044fdb0
$16   : 000000d8 008d9654 0090ecd4 00000000
$20   : 00770000 00000000 00773324 00020000
$24   : 00000000 005c394c                  
$28   : 008dcae0 7f873800 0090ec68 00496518
mdhi  : 00000000
mdlo  : 00000000
epc   : 00496528
ra    : 00496518
sp    : 7f873800
Status: 6469616c
function backtrace:
0x00496518:DnsClose    :potsmgr     :0x00400000
0x00496528:DnsClose    :potsmgr     :0x00400000
0x00488d54:(null)      :potsmgr     :0x00400000
0x778fde84:(null)      :libc.so.0   :0x778e0000

raw function backtrace:
0x00496528:DnsClose    :potsmgr     :0x00400000
0x00488d54:(null)      :potsmgr     :0x00400000
0x77c2657c:__dl_runtime_resolve:ld-uClibc.so.0:0x77c24000
0x77bb7508:_new_prompt_detect:libdaemonlib.so.0:0x77bb3000
0x77c28a78:_dl_runtime_resolve:ld-uClibc.so.0:0x77c24000
0x77bb7cf8:dl_client_new_do_read:libdaemonlib.so.0:0x77bb3000
0x778f2884:__ctype_b_loc:libc.so.0   :0x778e0000
0x77910404:(null)      :libc.so.0   :0x778e0000
0x778f2884:__ctype_b_loc:libc.so.0   :0x778e0000
0x77910404:(null)      :libc.so.0   :0x778e0000
0x778f2884:__ctype_b_loc:libc.so.0   :0x778e0000
0x77910404:(null)      :libc.so.0   :0x778e0000
0x778f2884:__ctype_b_loc:libc.so.0   :0x778e0000
0x77910404:(null)      :libc.so.0   :0x778e0000
0x779151b0:fputs_unlocked:libc.so.0   :0x778e0000
0x7790f870:(null)      :libc.so.0   :0x778e0000
0x778f08f0:stat        :libc.so.0   :0x778e0000
0x77c066b4:pthread_mutex_unlock:libpthread.so.0:0x77c00000
0x77c06440:pthread_mutex_lock:libpthread.so.0:0x77c00000
0x77c03fe4:_pthread_cleanup_pop_restore:libpthread.so.0:0x77c00000
0x77bc3000:dl_dcsm_handle_event:libdaemonlib.so.0:0x77bb3000
0x77bc3000:dl_dcsm_handle_event:libdaemonlib.so.0:0x77bb3000
0x77bbea3c:dl_log_print_tag:libdaemonlib.so.0:0x77bb3000
0x77bc0388:dl_timer_reset_fd:libdaemonlib.so.0:0x77bb3000
0x77bc3000:dl_dcsm_handle_event:libdaemonlib.so.0:0x77bb3000
0x77bbff70:dl_check_timers:libdaemonlib.so.0:0x77bb3000
0x77bc0704:dl_timer_handle_event:libdaemonlib.so.0:0x77bb3000
0x77bbfd90:dl_poll_fds_ctx:libdaemonlib.so.0:0x77bb3000
0x7793d5d8:(null)      :libc.so.0   :0x778e0000
0x7793d5d8:(null)      :libc.so.0   :0x778e0000
0x7793d7ec:(null)      :libc.so.0   :0x778e0000
0x7791138c:(null)      :libc.so.0   :0x778e0000

0x7f873800: 00000000  00000000  77c41010  00000008  
0x7f873810: 00ed6570  00000000  008dcae0  40000006  
0x7f873820: 77bc4bf0  00000001  008d9654  0090ecd4  
0x7f873830: 00000000  00488d54  0000004c  77bb4df2  
0x7f873840: 40000006  77bc4de8  7f873878  77c2657c  
0x7f873850: 77bdf5e0  00000000  7f873878  00ed6570  
0x7f873860: 00ed2230  77bb7508  008dcae0  7f873d38  
0x7f873870: 7f873d3c  00000008  00000000  0000003e  
0x7f873880: 00000008  7f873d3c  77bdf5e0  77c28a78  
0x7f873890: 00ed6570  00ed2230  00ed4230  00000ff6  
0x7f8738a0: 7f873d38  7f873d3c  00000008  40000000  
0x7f8738b0: 0000003c  77bb7cf8  00000000  00000000  
0x7f8738c0: 7f8738d8  00000000  00000008  00ed2230  
0x7f8738d0: 77bdf5e0  00000000  00000000  00000000  
0x7f8738e0: 00000000  00000000  00000000  00000000  
0x7f8738f0: 00000000  00000000  00000000  00000000  
0x7f873900: 00000001  00000001  00000000  00000000  
0x7f873910: 00000000  00000000  00000000  00000000  
0x7f873920: 00000000  00000000  00000000  00000000  
0x7f873930: 77c293d0  00000000  00000000  778f2884  
0x7f873940: 00000000  00000000  00000000  00000000  
0x7f873950: 779624d0  00000000  00000000  77910404  
0x7f873960: 00000000  00000000  00000000  00000000  
0x7f873970: 77c293d0  00000000  00000000  778f2884  
0x7f873980: 00000000  00000008  00000000  00000003  
0x7f873990: 779624d0  00000000  00000000  77910404  
0x7f8739a0: 00000000  00000000  00000000  00000000  
0x7f8739b0: 77c293d0  778f2860  00000000  778f2884  
0x7f8739c0: 7fffffff  00000008  00000000  00000003  
0x7f8739d0: 779624d0  0000006d  7f873af0  77910404  
0x7f8739e0: 00000025  77910280  779624d0  778f8d30  
0x7f8739f0: 77c293d0  778f2860  00000000  778f2884  
0x7f873a00: 77945ef3  00000008  00000008  00000000  
0x7f873a10: 779624d0  0000006d  779624d0  77910404  
0x7f873a20: 779624d0  77945ed4  7f873be0  00000009  
0x7f873a30: 779624d0  778f2860  00000000  00000000  
0x7f873a40: 7fffffff  00000008  00000008  00000000  
0x7f873a50: 00000030  0000006d  7f873b70  77bc55dc  
0x7f873a60: 00000025  77910280  779624d0  7f875af4  
0x7f873a70: 0000002a  778f2860  0ccccccc  00000000  
0x7f873a80: 77945ef3  77910000  77945ed4  779151b0  
0x7f873a90: 00000030  0000006d  779624d0  7f873c60  
0x7f873aa0: 779624d0  77945ed4  7f873c60  0000001f  
0x7f873ab0: 7f873c60  77910000  77945ed4  7790f870  
0x7f873ac0: 00000000  00000000  00000000  00000000  
0x7f873ad0: fffffff6  00000057  779624d0  00000000  
0x7f873ae0: 00000000  00000000  00000000  00000000  
0x7f873af0: 779451c5  00000004  00000000  00000073  
0x7f873b00: 00000000  00000020  00000000  00000001  
0x7f873b10: 77c293d0  00000100  00000003  778f08f0  
0x7f873b20: 00000008  00000008  00000008  00000008  
0x7f873b30: 779624d0  00000008  00000008  7f873ca0  
0x7f873b40: 7794795c  00000000  00000000  00000000  
0x7f873b50: 00000000  00000000  00000000  00000000  
0x7f873b60: 00000000  00003133  35393200  00000000  
0x7f873b70: 77bc55e9  ffffffff  00000000  00000064  
0x7f873b80: 00000000  00000020  00000000  00000001  
0x7f873b90: 00000006  00000100  00000000  00000008  
0x7f873ba0: 00000008  00000008  00000008  00000008  
0x7f873bb0: 00000008  00000008  00000008  7f873d20  
0x7f873bc0: 00003518  00000000  00000000  00000000  
0x7f873bd0: 00000000  00000000  00000000  00000000  
0x7f873be0: 00000000  00000000  00000000  00000000  
0x7f873bf0: 00000000  00000000  00000000  00000000  

maps info:
00400000-0082c000 r-xp 00000000 1f:00 164        /bin/potsmgr
0083c000-008da000 rw-p 0042c000 1f:00 164        /bin/potsmgr
008da000-00a49000 rwxp 00000000 00:00 0 
00e95000-00e96000 rwxp 00000000 00:00 0          [heap]
00e96000-00ee0000 rwxp 00000000 00:00 0          [heap]
778b8000-778ba000 r-xp 00000000 1f:00 1225       /lib/libdl.so.0
778ba000-778c9000 ---p 00000000 00:00 0 
778c9000-778ca000 r--p 00001000 1f:00 1225       /lib/libdl.so.0
778ca000-778cb000 rw-p 00002000 1f:00 1225       /lib/libdl.so.0
778cb000-778d0000 r-xp 00000000 1f:00 1199       /lib/libcJSON.so
778d0000-778df000 ---p 00000000 00:00 0 
778df000-778e0000 rw-p 00004000 1f:00 1199       /lib/libcJSON.so
778e0000-7794a000 r-xp 00000000 1f:00 1198       /lib/libc.so.0
7794a000-77959000 ---p 00000000 00:00 0 
77959000-7795a000 r--p 00069000 1f:00 1198       /lib/libc.so.0
7795a000-7795c000 rw-p 0006a000 1f:00 1198       /lib/libc.so.0
7795c000-77961000 rw-p 00000000 00:00 0 
77961000-7798b000 r-xp 00000000 1f:00 1254       /lib/libgcc_s.so.1
7798b000-7799a000 ---p 00000000 00:00 0 
7799a000-7799b000 rw-p 00029000 1f:00 1254       /lib/libgcc_s.so.1
7799b000-779b1000 r-xp 00000000 1f:00 1281       /lib/libm.so.0
779b1000-779c1000 ---p 00000000 00:00 0 
779c1000-779c2000 rw-p 00016000 1f:00 1281       /lib/libm.so.0
779c2000-77a86000 r-xp 00000000 1f:00 1332       /lib/libstdc++.so.6
77a86000-77a96000 ---p 00000000 00:00 0 
77a96000-77a9d000 r--p 000c4000 1f:00 1332       /lib/libstdc++.so.6
77a9d000-77aa0000 rw-p 000cb000 1f:00 1332       /lib/libstdc++.so.6
77aa0000-77aa6000 rw-p 00000000 00:00 0 
77aa6000-77ab1000 r-xp 00000000 1f:00 1197       /lib/libbt.so
77ab1000-77ac0000 ---p 00000000 00:00 0 
77ac0000-77ac1000 rw-p 0000a000 1f:00 1197       /lib/libbt.so
77ac1000-77ac7000 r-xp 00000000 1f:00 1295       /lib/libngxutils.so
77ac7000-77ad7000 ---p 00000000 00:00 0 
77ad7000-77ad8000 rw-p 00006000 1f:00 1295       /lib/libngxutils.so
77ad8000-77aec000 rw-p 00000000 00:00 0 
77aec000-77b00000 r-xp 00000000 1f:00 1194       /lib/libbdinfo.so
77b00000-77b0f000 ---p 00000000 00:00 0 
77b0f000-77b11000 rw-p 00013000 1f:00 1194       /lib/libbdinfo.so
77b11000-77b2f000 r-xp 00000000 1f:00 1308       /lib/libpdcpbrcm.so.0
77b2f000-77b3e000 ---p 00000000 00:00 0 
77b3e000-77b40000 rw-p 0001d000 1f:00 1308       /lib/libpdcpbrcm.so.0
77b40000-77b44000 rw-p 00000000 00:00 0 
77b44000-77b55000 r-xp 00000000 1f:00 1340       /lib/libtinyxml.so.0.0.0
77b55000-77b65000 ---p 00000000 00:00 0 
77b65000-77b66000 rw-p 00011000 1f:00 1340       /lib/libtinyxml.so.0.0.0
77b66000-77b70000 r-xp 00000000 1f:00 1346       /lib/libvalidate.so.0.0.1
77b70000-77b7f000 ---p 00000000 00:00 0 
77b7f000-77b80000 rw-p 00009000 1f:00 1346       /lib/libvalidate.so.0.0.1
77b80000-77b88000 r-xp 00000000 1f:00 1207       /lib/libcmd_parser.so.1.0.1
77b88000-77b98000 ---p 00000000 00:00 0 
77b98000-77b99000 rw-p 00008000 1f:00 1207       /lib/libcmd_parser.so.1.0.1
77b99000-77b9a000 rw-p 00000000 00:00 0 
77b9a000-77ba3000 r-xp 00000000 1f:00 1184       /lib/libarc.so.0.0.1
77ba3000-77bb2000 ---p 00000000 00:00 0 
77bb2000-77bb3000 rw-p 00008000 1f:00 1184       /lib/libarc.so.0.0.1
77bb3000-77bc8000 r-xp 00000000 1f:00 1224       /lib/libdaemonlib.so.0.0.1
77bc8000-77bd7000 ---p 00000000 00:00 0 
77bd7000-77bd8000 rw-p 00014000 1f:00 1224       /lib/libdaemonlib.so.0.0.1
77bd8000-77bdf000 r-xp 00000000 1f:00 1246       /lib/libexa_lib.so.0.0.1
77bdf000-77bee000 ---p 00000000 00:00 0 
77bee000-77bef000 rw-p 00006000 1f:00 1246       /lib/libexa_lib.so.0.0.1
77bef000-77bf0000 r-xp 00000000 1f:00 1327       /lib/librt.so.0
77bf0000-77bff000 ---p 00000000 00:00 0 
77bff000-77c00000 rw-p 00000000 1f:00 1327       /lib/librt.so.0
77c00000-77c0d000 r-xp 00000000 1f:00 1315       /lib/libpthread.so.0
77c0d000-77c1c000 ---p 00000000 00:00 0 
77c1c000-77c1d000 r--p 0000c000 1f:00 1315       /lib/libpthread.so.0
77c1d000-77c22000 rw-p 0000d000 1f:00 1315       /lib/libpthread.so.0
77c22000-77c24000 rw-p 00000000 00:00 0 
77c24000-77c29000 r-xp 00000000 1f:00 1181       /lib/ld-uClibc.so.0
77c38000-77c39000 r--p 00004000 1f:00 1181       /lib/ld-uClibc.so.0
77c39000-77c3a000 rw-p 00005000 1f:00 1181       /lib/ld-uClibc.so.0
77c3a000-77c3b000 rw-p 00000000 00:00 0 
77c3c000-77c3d000 rw-p 00000000 00:00 0 
7e1fd000-7e200000 rwxp 00000000 00:00 0 
7e3fd000-7e400000 rwxp 00000000 00:00 0 
7e5fd000-7e600000 rwxp 00000000 00:00 0 
7e7fd000-7e800000 rwxp 00000000 00:00 0 
7e9fd000-7ea00000 rwxp 00000000 00:00 0 
7ebfd000-7ec00000 rwxp 00000000 00:00 0 
7edfd000-7ee00000 rwxp 00000000 00:00 0 
7effd000-7f000000 rwxp 00000000 00:00 0 
7f1fd000-7f200000 rwxp 00000000 00:00 0 
7f855000-7f876000 rwxp 00000000 00:00 0          [stack]
7fff7000-7fff8000 r-xp 00000000 00:00 0          [vdso]

meminfo:
MemTotal:         226668 kB
MemFree:           54244 kB
Buffers:               0 kB
Cached:            63160 kB
SwapCached:            0 kB
Active:            34400 kB
Inactive:          56704 kB
Active(anon):      28412 kB
Inactive(anon):    29136 kB
Active(file):       5988 kB
Inactive(file):    27568 kB
Unevictable:           0 kB
Mlocked:               0 kB
HighTotal:             0 kB
HighFree:              0 kB
LowTotal:         226668 kB
LowFree:           54244 kB
SwapTotal:             0 kB
SwapFree:              0 kB
Dirty:                 0 kB
Writeback:             0 kB
AnonPages:         27948 kB
Mapped:            10720 kB
Shmem:             29604 kB
Slab:              65836 kB
SReclaimable:       1844 kB
SUnreclaim:        63992 kB
KernelStack:        8768 kB
PageTables:         1228 kB
NFS_Unstable:          0 kB
Bounce:                0 kB
WritebackTmp:          0 kB
CommitLimit:      113332 kB
Committed_AS:      78076 kB
VmallocTotal:    1015800 kB
VmallocUsed:       14392 kB
VmallocChunk:     980696 kB
+++Calix+++CDC+++Premise+++Tailer+++
