save to file fd: 22
+++Calix+++CDC+++Premise+++Header+++
Software Version: 12.2.12.8.4
potsmgr crashed on Wed Dec 31 19:02:35 1969
crash type: 11    SIGSEGV
bad address 0xd8
$ 0   : 00000000 10009901 00000000 00b2d150
$ 4   : 00001007 00000000 00020000 00001776
$ 8   : 00000006 00000006 431bde83 09396dd6
$12   : 00000300 3b9aca00 00000000 00010000
$16   : 000000d8 008d9654 0090ecd4 00000000
$20   : 00770000 00000000 007734a4 00020000
$24   : 00000000 005c3acc                  
$28   : 008dcae0 7fba1650 0090ec68 00496518
mdhi  : 00000000
mdlo  : 00000000
epc   : 00496528
ra    : 00496518
sp    : 7fba1650
Status: 7369705f
function backtrace:
0x00496518:DnsClose    :potsmgr     :0x00400000
0x00496528:DnsClose    :potsmgr     :0x00400000
0x00488d54:(null)      :potsmgr     :0x00400000
0x771dde84:(null)      :libc.so.0   :0x771c0000

raw function backtrace:
0x00496528:DnsClose    :potsmgr     :0x00400000
0x00488d54:(null)      :potsmgr     :0x00400000
0x7750657c:__dl_runtime_resolve:ld-uClibc.so.0:0x77504000
0x77497508:_new_prompt_detect:libdaemonlib.so.0:0x77493000
0x77508a78:_dl_runtime_resolve:ld-uClibc.so.0:0x77504000
0x77497cf8:dl_client_new_do_read:libdaemonlib.so.0:0x77493000
0x771d2884:__ctype_b_loc:libc.so.0   :0x771c0000
0x771f0404:(null)      :libc.so.0   :0x771c0000
0x771d2884:__ctype_b_loc:libc.so.0   :0x771c0000
0x771f0404:(null)      :libc.so.0   :0x771c0000
0x771d2884:__ctype_b_loc:libc.so.0   :0x771c0000
0x771f0404:(null)      :libc.so.0   :0x771c0000
0x771d2884:__ctype_b_loc:libc.so.0   :0x771c0000
0x771f0404:(null)      :libc.so.0   :0x771c0000
0x771f51b0:fputs_unlocked:libc.so.0   :0x771c0000
0x771ef870:(null)      :libc.so.0   :0x771c0000
0x771d08f0:stat        :libc.so.0   :0x771c0000
0x774e66b4:pthread_mutex_unlock:libpthread.so.0:0x774e0000
0x774e6440:pthread_mutex_lock:libpthread.so.0:0x774e0000
0x774e3fe4:_pthread_cleanup_pop_restore:libpthread.so.0:0x774e0000
0x77213690:malloc      :libc.so.0   :0x771c0000
0x774a3000:dl_dcsm_handle_event:libdaemonlib.so.0:0x77493000
0x774a3000:dl_dcsm_handle_event:libdaemonlib.so.0:0x77493000
0x7749ff70:dl_check_timers:libdaemonlib.so.0:0x77493000
0x7749ea3c:dl_log_print_tag:libdaemonlib.so.0:0x77493000
0x774a0704:dl_timer_handle_event:libdaemonlib.so.0:0x77493000
0x7749fd90:dl_poll_fds_ctx:libdaemonlib.so.0:0x77493000
0x7721d5d8:(null)      :libc.so.0   :0x771c0000
0x7721d5d8:(null)      :libc.so.0   :0x771c0000
0x7721d7ec:(null)      :libc.so.0   :0x771c0000
0x771f138c:(null)      :libc.so.0   :0x771c0000
0x77216d34:(null)      :libc.so.0   :0x771c0000

0x7fba1650: 00000000  00000000  77521010  00000008  
0x7fba1660: 00b6e570  00000000  008dcae0  40000006  
0x7fba1670: 774a4bf0  00000001  008d9654  0090ecd4  
0x7fba1680: 00000000  00488d54  0000004c  77494df2  
0x7fba1690: 40000006  774a4de8  7fba16c8  7750657c  
0x7fba16a0: 774bf5e0  00000000  7fba16c8  00b6e570  
0x7fba16b0: 00b6a230  77497508  008dcae0  7fba1b88  
0x7fba16c0: 7fba1b8c  00000008  00000000  0000003e  
0x7fba16d0: 00000008  7fba1b8c  774bf5e0  77508a78  
0x7fba16e0: 00b6e570  00b6a230  00b6c230  00000ff6  
0x7fba16f0: 7fba1b88  7fba1b8c  00000008  40000000  
0x7fba1700: 0000003c  77497cf8  00000000  00000000  
0x7fba1710: 7fba1728  00000000  00000008  00b6a230  
0x7fba1720: 774bf5e0  00000000  00000000  00000000  
0x7fba1730: 00000000  00000000  00000000  00000000  
0x7fba1740: 00000000  00000000  00000000  00000000  
0x7fba1750: 00000001  00000001  00000000  00000000  
0x7fba1760: 00000000  00000000  00000000  00000000  
0x7fba1770: 00000000  00000000  00000000  00000000  
0x7fba1780: 775093d0  00000000  00000000  771d2884  
0x7fba1790: 00000000  00000000  00000000  00000000  
0x7fba17a0: 772424d0  00000000  00000000  771f0404  
0x7fba17b0: 00000000  00000000  00000000  00000000  
0x7fba17c0: 775093d0  00000000  00000000  771d2884  
0x7fba17d0: 00000000  00000008  00000000  00000003  
0x7fba17e0: 772424d0  00000000  00000000  771f0404  
0x7fba17f0: 00000000  00000000  00000000  00000000  
0x7fba1800: 775093d0  771d2860  00000000  771d2884  
0x7fba1810: 7fffffff  00000008  00000000  00000003  
0x7fba1820: 772424d0  0000006d  7fba1940  771f0404  
0x7fba1830: 00000025  771f0280  772424d0  771d8d30  
0x7fba1840: 775093d0  771d2860  00000000  771d2884  
0x7fba1850: 77225ef3  00000008  00000008  00000000  
0x7fba1860: 772424d0  0000006d  772424d0  771f0404  
0x7fba1870: 772424d0  77225ed4  7fba1a30  00000009  
0x7fba1880: 772424d0  771d2860  00000000  00000000  
0x7fba1890: 7fffffff  00000008  00000008  00000000  
0x7fba18a0: 00000030  0000006d  7fba19c0  774a55dc  
0x7fba18b0: 00000025  771f0280  772424d0  7fba3944  
0x7fba18c0: 0000002a  771d2860  0ccccccc  00000000  
0x7fba18d0: 77225ef3  771f0000  77225ed4  771f51b0  
0x7fba18e0: 00000030  0000006d  772424d0  7fba1ab0  
0x7fba18f0: 772424d0  77225ed4  7fba1ab0  0000001f  
0x7fba1900: 7fba1ab0  771f0000  77225ed4  771ef870  
0x7fba1910: 00000000  00000000  00000000  00000000  
0x7fba1920: fffffff6  00000057  772424d0  00000000  
0x7fba1930: 00000000  00000000  00000000  00000000  
0x7fba1940: 772251c5  00000004  00000000  00000073  
0x7fba1950: 00000000  00000020  00000000  00000001  
0x7fba1960: 775093d0  00000100  00000003  771d08f0  
0x7fba1970: 00000008  00000008  00000008  00000008  
0x7fba1980: 772424d0  00000008  00000008  7fba1af0  
0x7fba1990: 7722795c  00000000  00000000  00000000  
0x7fba19a0: 00000000  00000000  00000000  00000000  
0x7fba19b0: 00000000  00003133  39303200  00000000  
0x7fba19c0: 774a55e9  ffffffff  00000000  00000064  
0x7fba19d0: 00000000  00000020  00000000  00000001  
0x7fba19e0: 00000006  00000100  00000000  00000008  
0x7fba19f0: 00000008  00000008  00000008  00000008  
0x7fba1a00: 00000008  00000008  00000008  7fba1b70  
0x7fba1a10: 0000364e  00000000  00000000  00000000  
0x7fba1a20: 00000000  00000000  00000000  00000000  
0x7fba1a30: 00000000  00000000  00000000  00000000  
0x7fba1a40: 00000000  00000000  00000000  00000000  

maps info:
00400000-0082c000 r-xp 00000000 1f:00 164        /bin/potsmgr
0083c000-008da000 rw-p 0042c000 1f:00 164        /bin/potsmgr
008da000-00a49000 rwxp 00000000 00:00 0 
00b2d000-00b2e000 rwxp 00000000 00:00 0          [heap]
00b2e000-00b78000 rwxp 00000000 00:00 0          [heap]
77198000-7719a000 r-xp 00000000 1f:00 1224       /lib/libdl.so.0
7719a000-771a9000 ---p 00000000 00:00 0 
771a9000-771aa000 r--p 00001000 1f:00 1224       /lib/libdl.so.0
771aa000-771ab000 rw-p 00002000 1f:00 1224       /lib/libdl.so.0
771ab000-771b0000 r-xp 00000000 1f:00 1198       /lib/libcJSON.so
771b0000-771bf000 ---p 00000000 00:00 0 
771bf000-771c0000 rw-p 00004000 1f:00 1198       /lib/libcJSON.so
771c0000-7722a000 r-xp 00000000 1f:00 1197       /lib/libc.so.0
7722a000-77239000 ---p 00000000 00:00 0 
77239000-7723a000 r--p 00069000 1f:00 1197       /lib/libc.so.0
7723a000-7723c000 rw-p 0006a000 1f:00 1197       /lib/libc.so.0
7723c000-77241000 rw-p 00000000 00:00 0 
77241000-7726b000 r-xp 00000000 1f:00 1253       /lib/libgcc_s.so.1
7726b000-7727a000 ---p 00000000 00:00 0 
7727a000-7727b000 rw-p 00029000 1f:00 1253       /lib/libgcc_s.so.1
7727b000-77291000 r-xp 00000000 1f:00 1280       /lib/libm.so.0
77291000-772a1000 ---p 00000000 00:00 0 
772a1000-772a2000 rw-p 00016000 1f:00 1280       /lib/libm.so.0
772a2000-77366000 r-xp 00000000 1f:00 1331       /lib/libstdc++.so.6
77366000-77376000 ---p 00000000 00:00 0 
77376000-7737d000 r--p 000c4000 1f:00 1331       /lib/libstdc++.so.6
7737d000-77380000 rw-p 000cb000 1f:00 1331       /lib/libstdc++.so.6
77380000-77386000 rw-p 00000000 00:00 0 
77386000-77391000 r-xp 00000000 1f:00 1196       /lib/libbt.so
77391000-773a0000 ---p 00000000 00:00 0 
773a0000-773a1000 rw-p 0000a000 1f:00 1196       /lib/libbt.so
773a1000-773a7000 r-xp 00000000 1f:00 1294       /lib/libngxutils.so
773a7000-773b7000 ---p 00000000 00:00 0 
773b7000-773b8000 rw-p 00006000 1f:00 1294       /lib/libngxutils.so
773b8000-773cc000 rw-p 00000000 00:00 0 
773cc000-773e0000 r-xp 00000000 1f:00 1193       /lib/libbdinfo.so
773e0000-773ef000 ---p 00000000 00:00 0 
773ef000-773f1000 rw-p 00013000 1f:00 1193       /lib/libbdinfo.so
773f1000-7740f000 r-xp 00000000 1f:00 1307       /lib/libpdcpbrcm.so.0
7740f000-7741e000 ---p 00000000 00:00 0 
7741e000-77420000 rw-p 0001d000 1f:00 1307       /lib/libpdcpbrcm.so.0
77420000-77424000 rw-p 00000000 00:00 0 
77424000-77435000 r-xp 00000000 1f:00 1339       /lib/libtinyxml.so.0.0.0
77435000-77445000 ---p 00000000 00:00 0 
77445000-77446000 rw-p 00011000 1f:00 1339       /lib/libtinyxml.so.0.0.0
77446000-77450000 r-xp 00000000 1f:00 1345       /lib/libvalidate.so.0.0.1
77450000-7745f000 ---p 00000000 00:00 0 
7745f000-77460000 rw-p 00009000 1f:00 1345       /lib/libvalidate.so.0.0.1
77460000-77468000 r-xp 00000000 1f:00 1206       /lib/libcmd_parser.so.1.0.1
77468000-77478000 ---p 00000000 00:00 0 
77478000-77479000 rw-p 00008000 1f:00 1206       /lib/libcmd_parser.so.1.0.1
77479000-7747a000 rw-p 00000000 00:00 0 
7747a000-77483000 r-xp 00000000 1f:00 1183       /lib/libarc.so.0.0.1
77483000-77492000 ---p 00000000 00:00 0 
77492000-77493000 rw-p 00008000 1f:00 1183       /lib/libarc.so.0.0.1
77493000-774a8000 r-xp 00000000 1f:00 1223       /lib/libdaemonlib.so.0.0.1
774a8000-774b7000 ---p 00000000 00:00 0 
774b7000-774b8000 rw-p 00014000 1f:00 1223       /lib/libdaemonlib.so.0.0.1
774b8000-774bf000 r-xp 00000000 1f:00 1245       /lib/libexa_lib.so.0.0.1
774bf000-774ce000 ---p 00000000 00:00 0 
774ce000-774cf000 rw-p 00006000 1f:00 1245       /lib/libexa_lib.so.0.0.1
774cf000-774d0000 r-xp 00000000 1f:00 1326       /lib/librt.so.0
774d0000-774df000 ---p 00000000 00:00 0 
774df000-774e0000 rw-p 00000000 1f:00 1326       /lib/librt.so.0
774e0000-774ed000 r-xp 00000000 1f:00 1314       /lib/libpthread.so.0
774ed000-774fc000 ---p 00000000 00:00 0 
774fc000-774fd000 r--p 0000c000 1f:00 1314       /lib/libpthread.so.0
774fd000-77502000 rw-p 0000d000 1f:00 1314       /lib/libpthread.so.0
77502000-77504000 rw-p 00000000 00:00 0 
77504000-77509000 r-xp 00000000 1f:00 1180       /lib/ld-uClibc.so.0
77516000-77517000 rw-p 00000000 00:00 0 
77518000-77519000 r--p 00004000 1f:00 1180       /lib/ld-uClibc.so.0
77519000-7751a000 rw-p 00005000 1f:00 1180       /lib/ld-uClibc.so.0
7751a000-7751b000 rw-p 00000000 00:00 0 
7e3fd000-7e400000 rwxp 00000000 00:00 0 
7e5fd000-7e600000 rwxp 00000000 00:00 0 
7e7fd000-7e800000 rwxp 00000000 00:00 0 
7e9fd000-7ea00000 rwxp 00000000 00:00 0 
7ebfd000-7ec00000 rwxp 00000000 00:00 0 
7edfd000-7ee00000 rwxp 00000000 00:00 0 
7effd000-7f000000 rwxp 00000000 00:00 0 
7f1fd000-7f200000 rwxp 00000000 00:00 0 
7f3fd000-7f400000 rwxp 00000000 00:00 0 
7fb83000-7fba4000 rwxp 00000000 00:00 0          [stack]
7fff7000-7fff8000 r-xp 00000000 00:00 0          [vdso]

meminfo:
MemTotal:         226668 kB
MemFree:           55928 kB
Buffers:               0 kB
Cached:            62256 kB
SwapCached:            0 kB
Active:            33724 kB
Inactive:          55820 kB
Active(anon):      27752 kB
Inactive(anon):    29124 kB
Active(file):       5972 kB
Inactive(file):    26696 kB
Unevictable:           0 kB
Mlocked:               0 kB
HighTotal:             0 kB
HighFree:              0 kB
LowTotal:         226668 kB
LowFree:           55928 kB
SwapTotal:             0 kB
SwapFree:              0 kB
Dirty:                 4 kB
Writeback:             0 kB
AnonPages:         27296 kB
Mapped:            10288 kB
Shmem:             29588 kB
Slab:              65876 kB
SReclaimable:       1816 kB
SUnreclaim:        64060 kB
KernelStack:        7872 kB
PageTables:         1132 kB
NFS_Unstable:          0 kB
Bounce:                0 kB
WritebackTmp:          0 kB
CommitLimit:      113332 kB
Committed_AS:      77260 kB
VmallocTotal:    1015800 kB
VmallocUsed:       14396 kB
VmallocChunk:     980672 kB
+++Calix+++CDC+++Premise+++Tailer+++
