save to file fd: 19
+++Calix+++CDC+++Premise+++Header+++
Software Version: 12.2.10.0.54
mapagent crashed on Tue Jun 29 00:10:45 2021
crash type: 11    SIGSEGV
bad address 0xb86
$ 0   : 00000000 10009900 00000000 ffff0000
$ 4   : 00000001 00000001 76abd124 00000001
$ 8   : 00655d70 fffffffe 00000000 fffffff0
$12   : 007fffff 000000b0 89500000 00000000
$16   : 00000010 00655b98 0064af20 00000056
$20   : 00000000 0064be30 00000001 0064af60
$24   : 00000000 775dd748                  
$28   : 776fd2f0 7ff18558 00000013 776ca59c
mdhi  : 00000000
mdlo  : 00000000
epc   : 776ca450
ra    : 776ca59c
sp    : 7ff18558
Status: 00000000
function backtrace:
0x776ca59c:lws_service_fd_tsi:libwebsockets.so.12:0x776c0000
0x776ca450:lws_service_fd_tsi:libwebsockets.so.12:0x776c0000

raw function backtrace:
0x776ca450:lws_service_fd_tsi:libwebsockets.so.12:0x776c0000
0x76a4f884:__ctype_b_loc:libc.so.0   :0x76a3d000
0x76a6d404:(null)      :libc.so.0   :0x76a3d000
0x76a721b0:fputs_unlocked:libc.so.0   :0x76a3d000
0x778ba57c:__dl_runtime_resolve:ld-uClibc.so.0:0x778b8000
0x778bca78:_dl_runtime_resolve:ld-uClibc.so.0:0x778b8000
0x776d8b7c:_lws_plat_service_tsi:libwebsockets.so.12:0x776c0000
0x0040904c:(null)      :mapagent    :0x00400000
0x777cad90:dl_poll_fds_ctx:libdaemonlib.so.0:0x777be000
0x76a69690:vsnprintf   :libc.so.0   :0x76a3d000
0x775da6b4:pthread_mutex_unlock:libpthread.so.0:0x775d4000
0x775da440:pthread_mutex_lock:libpthread.so.0:0x775d4000
0x775d7fe4:_pthread_cleanup_pop_restore:libpthread.so.0:0x775d4000
0x76a911b0:free        :libc.so.0   :0x76a3d000
0x775da6b4:pthread_mutex_unlock:libpthread.so.0:0x775d4000
0x775da440:pthread_mutex_lock:libpthread.so.0:0x775d4000
0x775d7fe4:_pthread_cleanup_pop_restore:libpthread.so.0:0x775d4000
0x76a90690:malloc      :libc.so.0   :0x76a3d000
0x76a880fc:(null)      :libc.so.0   :0x76a3d000
0x775da6b4:pthread_mutex_unlock:libpthread.so.0:0x775d4000
0x775da440:pthread_mutex_lock:libpthread.so.0:0x775d4000
0x775d7fe4:_pthread_cleanup_pop_restore:libpthread.so.0:0x775d4000
0x775da6b4:pthread_mutex_unlock:libpthread.so.0:0x775d4000
0x76a90690:malloc      :libc.so.0   :0x76a3d000
0x777c9a3c:dl_log_print_tag:libdaemonlib.so.0:0x777be000
0x777caaa4:dl_add_pollfd_ctx:libdaemonlib.so.0:0x777be000
0x777c9a3c:dl_log_print_tag:libdaemonlib.so.0:0x777be000
0x76a911b0:free        :libc.so.0   :0x76a3d000
0x777cac0c:dl_rem_pollfd_ctx:libdaemonlib.so.0:0x777be000
0x777cab78:dl_add_pollfd:libdaemonlib.so.0:0x777be000
0x776576b0:map_utils_log_tag_debug:libmaputils.so.1:0x77655000
0x7766fbe0:get_proc_virtualmem:libmapagent.so:0x77668000

0x7ff18558: 00000000  76a4f884  776e355c  7ff18584  
0x7ff18568: 00000000  00000000  00000035  0000006d  
0x7ff18578: 776fd2f0  76a6d404  60daab55  6d617000  
0x7ff18588: 32332e31  382e3134  3500f4d0  76a4f860  
0x7ff18598: 00000000  00000000  7fffffff  00000008  
0x7ff185a8: 00000008  00000000  00000030  0000006d  
0x7ff185b8: 7ff186d0  777d05dc  00000025  76a6d280  
0x7ff185c8: 76abf4d0  76a728f0  0000002a  76a4f860  
0x7ff185d8: 0ccccccc  00000000  76aa2ef3  76a6d000  
0x7ff185e8: 76aa2ed4  76a721b0  00000030  7ff185f8  
0x7ff185f8: 76abf4d0  7ff187c0  76abf4d0  76aa2ed4  
0x7ff18608: 778d5010  0000001f  76a3f7f4  76a44e04  
0x7ff18618: 00000000  778b8000  f0000000  00000001  
0x7ff18628: 0064af60  00000157  776f5300  00000059  
0x7ff18638: 00000068  776c36c3  004b3ad4  00691b9c  
0x7ff18648: 7ff18650  778ba57c  76aa21c5  00000004  
0x7ff18658: 00000044  0042ebc4  00000000  00000020  
0x7ff18668: 778d5010  00000001  0064af60  0064af20  
0x7ff18678: 00000000  00000000  00654100  76a728f0  
0x7ff18688: 00000055  778bca78  0064af60  0064af20  
0x7ff18698: 00000000  00000001  00000000  776e444c  
0x7ff186a8: 004b3ad4  00691b9c  7ff188d8  776d8b7c  
0x7ff186b8: 7ff186e0  0000001f  00000000  00000000  
0x7ff186c8: 00000000  00000000  776fd2f0  ffffffff  
0x7ff186d8: 00000000  00000064  00000000  00000000  
0x7ff186e8: 00000000  00000000  00000000  00000000  
0x7ff186f8: 00000000  00000000  00000000  00000000  
0x7ff18708: 00000000  00000000  00000000  00000000  
0x7ff18718: 00000000  00000000  00000000  00000000  
0x7ff18728: 00000000  00000000  00000000  00000000  
0x7ff18738: 00000000  00000000  00000000  00000000  
0x7ff18748: 00000000  00000000  00000000  00000000  
0x7ff18758: 00000000  00000000  00000000  00000000  
0x7ff18768: 00000000  00000000  00000000  00000000  
0x7ff18778: 00000000  00000000  00000000  00000000  
0x7ff18788: 00000000  00000000  00000000  00000000  
0x7ff18798: 00000000  00000000  00000000  00000000  
0x7ff187a8: 00000000  00000000  00000000  00000000  
0x7ff187b8: 00000000  00000000  00000000  00000000  
0x7ff187c8: 00000000  00000000  00000000  00000000  
0x7ff187d8: 00000000  00000000  00000000  00000000  
0x7ff187e8: 00000000  00000000  00000000  00000000  
0x7ff187f8: 00000000  00000000  00000000  00000000  
0x7ff18808: 00000000  00000000  00000000  00000000  
0x7ff18818: 00000000  00000000  00000000  00000000  
0x7ff18828: 00000000  00000000  00000000  0064af20  
0x7ff18838: 00000000  00000000  00000000  00000000  
0x7ff18848: 00000000  00000000  00000000  00000000  
0x7ff18858: 00000000  00000000  00000000  00000000  
0x7ff18868: 00000000  00000000  00000000  00000000  
0x7ff18878: 00000000  00000000  00000000  00000000  
0x7ff18888: 00000000  00000000  00000000  00000000  
0x7ff18898: 00000000  00000000  00000000  00000000  
0x7ff188a8: 00000000  00000000  00000000  00000000  
0x7ff188b8: 777ea5e0  00000007  00000003  7ff1892e  
0x7ff188c8: 00000003  7ff19140  76a728f0  0040904c  
0x7ff188d8: 00000015  00000003  00653994  00000007  
0x7ff188e8: 0044f910  7ff1891e  7ff1a528  777cad90  
0x7ff188f8: 00000013  00000004  00000000  76ab73a0  
0x7ff18908: 777ea5e0  00000000  00000015  00010019  
0x7ff18918: 00000014  00010000  00000013  00050004  
0x7ff18928: 0000000d  00010000  0000000b  00010000  
0x7ff18938: 0000000a  00030001  00000009  00010000  
0x7ff18948: 00000001  00020035  7f000001  00000000  

maps info:
00400000-00432000 r-xp 00000000 1f:00 127        /bin/mapagent
00442000-00448000 rw-p 00032000 1f:00 127        /bin/mapagent
00448000-00449000 rwxp 00000000 00:00 0 
00638000-0063f000 rwxp 00000000 00:00 0          [heap]
0063f000-00677000 rwxp 00000000 00:00 0          [heap]
58800000-588e2000 rw-s 00000000 00:04 0          /SYSV00000000 (deleted)
76858000-7685b000 r-xp 00000000 1f:00 1215       /lib/libcrypt.so.0
7685b000-7686a000 ---p 00000000 00:00 0 
7686a000-7686b000 rw-p 00002000 1f:00 1215       /lib/libcrypt.so.0
7686b000-7687c000 rw-p 00000000 00:00 0 
7687c000-768b9000 r-xp 00000000 1f:00 1261       /lib/libgettextsrc-0.19.so
768b9000-768c8000 ---p 00000000 00:00 0 
768c8000-768ca000 rw-p 0003c000 1f:00 1261       /lib/libgettextsrc-0.19.so
768ca000-76912000 r-xp 00000000 1f:00 1260       /lib/libgettextpo.so.0.5.2
76912000-76921000 ---p 00000000 00:00 0 
76921000-76923000 rw-p 00047000 1f:00 1260       /lib/libgettextpo.so.0.5.2
76923000-76925000 r-xp 00000000 1f:00 1190       /lib/libasprintf.so.0.0.0
76925000-76934000 ---p 00000000 00:00 0 
76934000-76935000 rw-p 00001000 1f:00 1190       /lib/libasprintf.so.0.0.0
76935000-769f9000 r-xp 00000000 1f:00 1329       /lib/libstdc++.so.6
769f9000-76a09000 ---p 00000000 00:00 0 
76a09000-76a10000 r--p 000c4000 1f:00 1329       /lib/libstdc++.so.6
76a10000-76a13000 rw-p 000cb000 1f:00 1329       /lib/libstdc++.so.6
76a13000-76a19000 rw-p 00000000 00:00 0 
76a19000-76a1a000 r-xp 00000000 1f:00 1324       /lib/librt.so.0
76a1a000-76a29000 ---p 00000000 00:00 0 
76a29000-76a2a000 rw-p 00000000 1f:00 1324       /lib/librt.so.0
76a2a000-76a2c000 r-xp 00000000 1f:00 1225       /lib/libdl.so.0
76a2c000-76a3b000 ---p 00000000 00:00 0 
76a3b000-76a3c000 r--p 00001000 1f:00 1225       /lib/libdl.so.0
76a3c000-76a3d000 rw-p 00002000 1f:00 1225       /lib/libdl.so.0
76a3d000-76aa7000 r-xp 00000000 1f:00 1198       /lib/libc.so.0
76aa7000-76ab6000 ---p 00000000 00:00 0 
76ab6000-76ab7000 r--p 00069000 1f:00 1198       /lib/libc.so.0
76ab7000-76ab9000 rw-p 0006a000 1f:00 1198       /lib/libc.so.0
76ab9000-76abe000 rw-p 00000000 00:00 0 
76abe000-76ae8000 r-xp 00000000 1f:00 1254       /lib/libgcc_s.so.1
76ae8000-76af7000 ---p 00000000 00:00 0 
76af7000-76af8000 rw-p 00029000 1f:00 1254       /lib/libgcc_s.so.1
76af8000-76afa000 r-xp 00000000 1f:00 1321       /lib/libqsteer_comm_ext.so
76afa000-76b09000 ---p 00000000 00:00 0 
76b09000-76b0a000 rw-p 00001000 1f:00 1321       /lib/libqsteer_comm_ext.so
76b0a000-76b27000 r-xp 00000000 1f:00 1339       /lib/libtransceiver.so
76b27000-76b36000 ---p 00000000 00:00 0 
76b36000-76b37000 rw-p 0001c000 1f:00 1339       /lib/libtransceiver.so
76b37000-76b3a000 r-xp 00000000 1f:00 1325       /lib/libsimcardctl.so
76b3a000-76b49000 ---p 00000000 00:00 0 
76b49000-76b4a000 rw-p 00002000 1f:00 1325       /lib/libsimcardctl.so
76b4a000-76b61000 r-xp 00000000 1f:00 1297       /lib/libomci.so
76b61000-76b70000 ---p 00000000 00:00 0 
76b70000-76b71000 rw-p 00016000 1f:00 1297       /lib/libomci.so
76b71000-76ba1000 r-xp 00000000 1f:00 1289       /lib/libmdm.so
76ba1000-76bb0000 ---p 00000000 00:00 0 
76bb0000-76bd7000 rw-p 0002f000 1f:00 1289       /lib/libmdm.so
76bd7000-76bdd000 r-xp 00000000 1f:00 1269       /lib/libgponctl.so
76bdd000-76bec000 ---p 00000000 00:00 0 
76bec000-76bed000 rw-p 00005000 1f:00 1269       /lib/libgponctl.so
76bed000-76bf8000 r-xp 00000000 1f:00 1213       /lib/libcms_qdm.so
76bf8000-76c07000 ---p 00000000 00:00 0 
76c07000-76c08000 rw-p 0000a000 1f:00 1213       /lib/libcms_qdm.so
76c08000-76c56000 r-xp 00000000 1f:00 1209       /lib/libcms_cli.so
76c56000-76c66000 ---p 00000000 00:00 0 
76c66000-76c69000 rw-p 0004e000 1f:00 1209       /lib/libcms_cli.so
76c69000-76c6c000 rw-p 00000000 00:00 0 
76c6c000-76c77000 r-xp 00000000 1f:00 1338       /lib/libtmctl.so
76c77000-76c86000 ---p 00000000 00:00 0 
76c86000-76c87000 rw-p 0000a000 1f:00 1338       /lib/libtmctl.so
76c87000-76c8b000 r-xp 00000000 1f:00 1322       /lib/librdpactl.so
76c8b000-76c9a000 ---p 00000000 00:00 0 
76c9a000-76c9b000 rw-p 00003000 1f:00 1322       /lib/librdpactl.so
76c9b000-76c9f000 r-xp 00000000 1f:00 1298       /lib/libomcipm_drv.so
76c9f000-76cae000 ---p 00000000 00:00 0 
76cae000-76caf000 rw-p 00003000 1f:00 1298       /lib/libomcipm_drv.so
76caf000-76cb0000 r-xp 00000000 1f:00 1250       /lib/libfcctl.so
76cb0000-76cbf000 ---p 00000000 00:00 0 
76cbf000-76cc0000 rw-p 00000000 1f:00 1250       /lib/libfcctl.so
76cc0000-76d38000 r-xp 00000000 1f:00 1211       /lib/libcms_dal.so
76d38000-76d48000 ---p 00000000 00:00 0 
76d48000-76d4a000 rw-p 00078000 1f:00 1211       /lib/libcms_dal.so
76d4a000-76d53000 rw-p 00000000 00:00 0 
76d53000-76d55000 r-xp 00000000 1f:00 1196       /lib/libbridgeutil.so
76d55000-76d64000 ---p 00000000 00:00 0 
76d64000-76d65000 rw-p 00001000 1f:00 1196       /lib/libbridgeutil.so
76d65000-76d6e000 r-xp 00000000 1f:00 1344       /lib/libvlanctl.so
76d6e000-76d7d000 ---p 00000000 00:00 0 
76d7d000-76d7e000 rw-p 00008000 1f:00 1344       /lib/libvlanctl.so
76d7e000-76d80000 r-xp 00000000 1f:00 1326       /lib/libsnoopctl.so
76d80000-76d8f000 ---p 00000000 00:00 0 
76d8f000-76d90000 rw-p 00001000 1f:00 1326       /lib/libsnoopctl.so
76d90000-76d92000 r-xp 00000000 1f:00 1316       /lib/libpwrctl.so
76d92000-76da1000 ---p 00000000 00:00 0 
76da1000-76da2000 rw-p 00001000 1f:00 1316       /lib/libpwrctl.so
76da2000-76da4000 r-xp 00000000 1f:00 1294       /lib/libnanoxml.so
76da4000-76db3000 ---p 00000000 00:00 0 
76db3000-76db4000 rw-p 00001000 1f:00 1294       /lib/libnanoxml.so
76db4000-76db6000 r-xp 00000000 1f:00 1270       /lib/libgponif.so
76db6000-76dc5000 ---p 00000000 00:00 0 
76dc5000-76dc6000 rw-p 00001000 1f:00 1270       /lib/libgponif.so
76dc6000-76dd6000 r-xp 00000000 1f:00 1243       /lib/libethswctl.so
76dd6000-76de5000 ---p 00000000 00:00 0 
76de5000-76de6000 rw-p 0000f000 1f:00 1243       /lib/libethswctl.so
76de6000-76fab000 r-xp 00000000 1f:00 1210       /lib/libcms_core.so
76fab000-76fba000 ---p 00000000 00:00 0 
76fba000-76fc6000 rw-p 001c4000 1f:00 1210       /lib/libcms_core.so
76fc6000-76fe6000 rw-p 00000000 00:00 0 
76fe6000-76fe7000 r-xp 00000000 1f:00 1191       /lib/libbcm_crc.so
76fe7000-76ff6000 ---p 00000000 00:00 0 
76ff6000-76ff7000 rw-p 00000000 1f:00 1191       /lib/libbcm_crc.so
76ff7000-76ffd000 r-xp 00000000 1f:00 1192       /lib/libbcm_flashutil.so
76ffd000-7700d000 ---p 00000000 00:00 0 
7700d000-7700e000 rw-p 00006000 1f:00 1192       /lib/libbcm_flashutil.so
7700e000-77011000 r-xp 00000000 1f:00 1212       /lib/libcms_msg.so
77011000-77020000 ---p 00000000 00:00 0 
77020000-77021000 rw-p 00002000 1f:00 1212       /lib/libcms_msg.so
77021000-77025000 r-xp 00000000 1f:00 1208       /lib/libcms_boardctl.so
77025000-77034000 ---p 00000000 00:00 0 
77034000-77035000 rw-p 00003000 1f:00 1208       /lib/libcms_boardctl.so
77035000-7705c000 r-xp 00000000 1f:00 1214       /lib/libcms_util.so
7705c000-7706b000 ---p 00000000 00:00 0 
7706b000-7706c000 rw-p 00026000 1f:00 1214       /lib/libcms_util.so
7706c000-77072000 r-xp 00000000 1f:00 1295       /lib/libngxutils.so
77072000-77082000 ---p 00000000 00:00 0 
77082000-77083000 rw-p 00006000 1f:00 1295       /lib/libngxutils.so
77083000-77097000 rw-p 00000000 00:00 0 
77097000-771e2000 r-xp 00000000 1f:00 1217       /lib/libcrypto.so.1.0.0
771e2000-771f1000 ---p 00000000 00:00 0 
771f1000-77203000 rw-p 0014a000 1f:00 1217       /lib/libcrypto.so.1.0.0
77203000-77204000 rw-p 00000000 00:00 0 
77204000-77209000 r-xp 00000000 1f:00 1199       /lib/libcJSON.so
77209000-77218000 ---p 00000000 00:00 0 
77218000-77219000 rw-p 00004000 1f:00 1199       /lib/libcJSON.so
77219000-7722d000 r-xp 00000000 1f:00 1194       /lib/libbdinfo.so
7722d000-7723c000 ---p 00000000 00:00 0 
7723c000-7723e000 rw-p 00013000 1f:00 1194       /lib/libbdinfo.so
7723e000-77241000 r-xp 00000000 1f:00 1253       /lib/libffi.so.6.0.4
77241000-77250000 ---p 00000000 00:00 0 
77250000-77251000 rw-p 00002000 1f:00 1253       /lib/libffi.so.6.0.4
77251000-77262000 r-xp 00000000 1f:00 1337       /lib/libtinyxml.so.0.0.0
77262000-77272000 ---p 00000000 00:00 0 
77272000-77273000 rw-p 00011000 1f:00 1337       /lib/libtinyxml.so.0.0.0
77273000-77395000 r-xp 00000000 1f:00 1256       /lib/libgettextlib-0.19.so
77395000-773a5000 ---p 00000000 00:00 0 
773a5000-773a9000 rw-p 00122000 1f:00 1256       /lib/libgettextlib-0.19.so
773a9000-773ab000 rw-p 00000000 00:00 0 
773ab000-773ad000 r-xp 00000000 1f:00 1200       /lib/libcalix_lib.so
773ad000-773bc000 ---p 00000000 00:00 0 
773bc000-773bd000 r--p 00001000 1f:00 1200       /lib/libcalix_lib.so
773bd000-773be000 rw-p 00002000 1f:00 1200       /lib/libcalix_lib.so
773be000-773c6000 r-xp 00000000 1f:00 1274       /lib/libintl.so.8.1.2
773c6000-773d6000 ---p 00000000 00:00 0 
773d6000-773d7000 rw-p 00008000 1f:00 1274       /lib/libintl.so.8.1.2
773d7000-77561000 r-xp 00000000 1f:00 1265       /lib/libglib-2.0.so.0.4400.1
77561000-77570000 ---p 00000000 00:00 0 
77570000-77573000 rw-p 00189000 1f:00 1265       /lib/libglib-2.0.so.0.4400.1
77573000-775c3000 r-xp 00000000 1f:00 1268       /lib/libgobject-2.0.so.0.4400.1
775c3000-775d2000 ---p 00000000 00:00 0 
775d2000-775d4000 rw-p 0004f000 1f:00 1268       /lib/libgobject-2.0.so.0.4400.1
775d4000-775e1000 r-xp 00000000 1f:00 1312       /lib/libpthread.so.0
775e1000-775f0000 ---p 00000000 00:00 0 
775f0000-775f1000 r--p 0000c000 1f:00 1312       /lib/libpthread.so.0
775f1000-775f6000 rw-p 0000d000 1f:00 1312       /lib/libpthread.so.0
775f6000-775f8000 rw-p 00000000 00:00 0 
775f8000-77641000 r-xp 00000000 1f:00 1328       /lib/libssl.so.1.0.0
77641000-77650000 ---p 00000000 00:00 0 
77650000-77655000 rw-p 00048000 1f:00 1328       /lib/libssl.so.1.0.0
77655000-77658000 r-xp 00000000 1f:00 1288       /lib/libmaputils.so.1.0.0
77658000-77667000 ---p 00000000 00:00 0 
77667000-77668000 rw-p 00002000 1f:00 1288       /lib/libmaputils.so.1.0.0
77668000-77673000 r-xp 00000000 1f:00 1282       /lib/libmapagent.so
77673000-77682000 ---p 00000000 00:00 0 
77682000-77683000 rw-p 0000a000 1f:00 1282       /lib/libmapagent.so
77683000-776a4000 rw-p 00000000 00:00 0 
776a4000-776b0000 r-xp 00000000 1f:00 1334       /lib/libthrift.so.0.0.0
776b0000-776bf000 ---p 00000000 00:00 0 
776bf000-776c0000 rw-p 0000b000 1f:00 1334       /lib/libthrift.so.0.0.0
776c0000-776e5000 r-xp 00000000 1f:00 1346       /lib/libwebsockets.so.12
776e5000-776f5000 ---p 00000000 00:00 0 
776f5000-776f6000 rw-p 00025000 1f:00 1346       /lib/libwebsockets.so.12
776f6000-7772f000 r-xp 00000000 1f:00 1315       /lib/libpugixml.so.1.0.0
7772f000-7773f000 ---p 00000000 00:00 0 
7773f000-77740000 rw-p 00039000 1f:00 1315       /lib/libpugixml.so.1.0.0
77740000-77749000 r-xp 00000000 1f:00 1357       /lib/libxl_pugi.so.0.0.1
77749000-77759000 ---p 00000000 00:00 0 
77759000-7775a000 rw-p 00009000 1f:00 1357       /lib/libxl_pugi.so.0.0.1
7775a000-77761000 r-xp 00000000 1f:00 1246       /lib/libexa_lib.so.0.0.1
77761000-77770000 ---p 00000000 00:00 0 
77770000-77771000 rw-p 00006000 1f:00 1246       /lib/libexa_lib.so.0.0.1
77771000-7777b000 r-xp 00000000 1f:00 1343       /lib/libvalidate.so.0.0.1
7777b000-7778a000 ---p 00000000 00:00 0 
7778a000-7778b000 rw-p 00009000 1f:00 1343       /lib/libvalidate.so.0.0.1
7778b000-77793000 r-xp 00000000 1f:00 1207       /lib/libcmd_parser.so.1.0.1
77793000-777a3000 ---p 00000000 00:00 0 
777a3000-777a4000 rw-p 00008000 1f:00 1207       /lib/libcmd_parser.so.1.0.1
777a4000-777a5000 rw-p 00000000 00:00 0 
777a5000-777ae000 r-xp 00000000 1f:00 1184       /lib/libarc.so.0.0.1
777ae000-777bd000 ---p 00000000 00:00 0 
777bd000-777be000 rw-p 00008000 1f:00 1184       /lib/libarc.so.0.0.1
777be000-777d3000 r-xp 00000000 1f:00 1224       /lib/libdaemonlib.so.0.0.1
777d3000-777e2000 ---p 00000000 00:00 0 
777e2000-777e3000 rw-p 00014000 1f:00 1224       /lib/libdaemonlib.so.0.0.1
777e3000-777f9000 r-xp 00000000 1f:00 1281       /lib/libm.so.0
777f9000-77809000 ---p 00000000 00:00 0 
77809000-7780a000 rw-p 00016000 1f:00 1281       /lib/libm.so.0
7780a000-77815000 r-xp 00000000 1f:00 1197       /lib/libbt.so
77815000-77824000 ---p 00000000 00:00 0 
77824000-77825000 rw-p 0000a000 1f:00 1197       /lib/libbt.so
77825000-7782d000 r-xp 00000000 1f:00 1301       /lib/libp2utils.so.1.0.0
7782d000-7783d000 ---p 00000000 00:00 0 
7783d000-7783f000 rw-p 00008000 1f:00 1301       /lib/libp2utils.so.1.0.0
7783f000-778a7000 r-xp 00000000 1f:00 1221       /lib/libcurl.so.4.5.0
778a7000-778b6000 ---p 00000000 00:00 0 
778b6000-778b8000 rw-p 00067000 1f:00 1221       /lib/libcurl.so.4.5.0
778b8000-778bd000 r-xp 00000000 1f:00 1181       /lib/ld-uClibc.so.0
778c6000-778cc000 rw-p 00000000 00:00 0 
778cc000-778cd000 r--p 00004000 1f:00 1181       /lib/ld-uClibc.so.0
778cd000-778ce000 rw-p 00005000 1f:00 1181       /lib/ld-uClibc.so.0
7f7fd000-7f800000 rwxp 00000000 00:00 0 
7fefa000-7ff1b000 rwxp 00000000 00:00 0          [stack]
7fff7000-7fff8000 r-xp 00000000 00:00 0          [vdso]

meminfo:
MemTotal:         226668 kB
MemFree:           56020 kB
Buffers:               0 kB
Cached:            62240 kB
SwapCached:            0 kB
Active:            33956 kB
Inactive:          55680 kB
Active(anon):      27864 kB
Inactive(anon):    29124 kB
Active(file):       6092 kB
Inactive(file):    26556 kB
Unevictable:           0 kB
Mlocked:               0 kB
HighTotal:             0 kB
HighFree:              0 kB
LowTotal:         226668 kB
LowFree:           56020 kB
SwapTotal:             0 kB
SwapFree:              0 kB
Dirty:                 0 kB
Writeback:             0 kB
AnonPages:         27412 kB
Mapped:            10836 kB
Shmem:             29592 kB
Slab:              65628 kB
SReclaimable:       1824 kB
SUnreclaim:        63804 kB
KernelStack:        8256 kB
PageTables:         1156 kB
NFS_Unstable:          0 kB
Bounce:                0 kB
WritebackTmp:          0 kB
CommitLimit:      113332 kB
Committed_AS:      78668 kB
VmallocTotal:    1015800 kB
VmallocUsed:       14456 kB
VmallocChunk:     978980 kB
+++Calix+++CDC+++Premise+++Tailer+++
