save to file fd: 19
+++Calix+++CDC+++Premise+++Header+++
Software Version: 12.2.10.0.54
mapagent crashed on Sun Jan 16 01:44:44 2022
crash type: 11    SIGSEGV
bad address 0xb86
$ 0   : 00000000 10009900 00000000 ffff0000
$ 4   : 00000001 00000001 76fe5124 00000001
$ 8   : 00a7ed70 fffffffe 00000000 fffffff0
$12   : 007fffff 000000b0 8bce0000 00000000
$16   : 00000010 00a7eb98 00a73f20 00000056
$20   : 00000000 00a74e30 00000001 00a73f60
$24   : 00000000 77b05748                  
$28   : 77c252f0 7f8c4698 00000013 77bf259c
mdhi  : 00000000
mdlo  : 00000000
epc   : 77bf2450
ra    : 77bf259c
sp    : 7f8c4698
Status: 00000000
function backtrace:
0x77bf259c:lws_service_fd_tsi:libwebsockets.so.12:0x77be8000
0x77bf2450:lws_service_fd_tsi:libwebsockets.so.12:0x77be8000

raw function backtrace:
0x77bf2450:lws_service_fd_tsi:libwebsockets.so.12:0x77be8000
0x76f77884:__ctype_b_loc:libc.so.0   :0x76f65000
0x76f95404:(null)      :libc.so.0   :0x76f65000
0x76f9a1b0:fputs_unlocked:libc.so.0   :0x76f65000
0x77de257c:__dl_runtime_resolve:ld-uClibc.so.0:0x77de0000
0x77de4a78:_dl_runtime_resolve:ld-uClibc.so.0:0x77de0000
0x77c00b7c:_lws_plat_service_tsi:libwebsockets.so.12:0x77be8000
0x0040904c:(null)      :mapagent    :0x00400000
0x77cf2d90:dl_poll_fds_ctx:libdaemonlib.so.0:0x77ce6000
0x77de233c:_dl_fixup   :ld-uClibc.so.0:0x77de0000
0x77de233c:_dl_fixup   :ld-uClibc.so.0:0x77de0000
0x77de233c:_dl_fixup   :ld-uClibc.so.0:0x77de0000
0x77de233c:_dl_fixup   :ld-uClibc.so.0:0x77de0000
0x77de233c:_dl_fixup   :ld-uClibc.so.0:0x77de0000
0x77de233c:_dl_fixup   :ld-uClibc.so.0:0x77de0000
0x76fc25d8:(null)      :libc.so.0   :0x76f65000
0x76f75914:stat        :libc.so.0   :0x76f65000
0x76fb2a48:(null)      :libc.so.0   :0x76f65000
0x77b02440:pthread_mutex_lock:libpthread.so.0:0x77afc000
0x77afffe4:_pthread_cleanup_pop_restore:libpthread.so.0:0x77afc000
0x77b02440:pthread_mutex_lock:libpthread.so.0:0x77afc000
0x77b026b4:pthread_mutex_unlock:libpthread.so.0:0x77afc000
0x76fb91b0:free        :libc.so.0   :0x76f65000
0x77afffe4:_pthread_cleanup_pop_restore:libpthread.so.0:0x77afc000
0x76f99b24:(null)      :libc.so.0   :0x76f65000
0x76f77884:__ctype_b_loc:libc.so.0   :0x76f65000
0x76f95404:(null)      :libc.so.0   :0x76f65000
0x77b026b4:pthread_mutex_unlock:libpthread.so.0:0x77afc000
0x77b02440:pthread_mutex_lock:libpthread.so.0:0x77afc000
0x77afffe4:_pthread_cleanup_pop_restore:libpthread.so.0:0x77afc000
0x76fb8690:malloc      :libc.so.0   :0x76f65000
0x76f9a1b0:fputs_unlocked:libc.so.0   :0x76f65000

0x7f8c4698: 00000000  76f77884  77c0b55c  7f8c46c4  
0x7f8c46a8: 00000000  00000000  00000035  0000006d  
0x7f8c46b8: 77c252f0  76f95404  61e3bedc  6d617000  
0x7f8c46c8: 2e36382e  31363800  76fe74d0  76f77860  
0x7f8c46d8: 00000000  00000000  7fffffff  00000008  
0x7f8c46e8: 00000008  00000000  00000030  0000006d  
0x7f8c46f8: 7f8c4810  77cf85dc  00000025  76f95280  
0x7f8c4708: 76fe74d0  76f9a8f0  0000002a  76f77860  
0x7f8c4718: 0ccccccc  00000000  76fcaef3  76f95000  
0x7f8c4728: 76fcaed4  76f9a1b0  00000030  7f8c4738  
0x7f8c4738: 76fe74d0  7f8c4900  76fe74d0  76fcaed4  
0x7f8c4748: 77dfd010  0000001f  76f677f4  76f6ce04  
0x7f8c4758: 00000000  77de0000  f0000000  00000001  
0x7f8c4768: 00a73f60  00000157  77c1d300  00000059  
0x7f8c4778: 00000068  77beb6c3  004b3ad4  00c0eb9c  
0x7f8c4788: 7f8c4790  77de257c  76fca1c5  00000004  
0x7f8c4798: 00000044  0042ebc4  00000000  00000020  
0x7f8c47a8: 77dfd010  00000001  00a73f60  00a73f20  
0x7f8c47b8: 00000000  00000000  00a7d100  76f9a8f0  
0x7f8c47c8: 00000055  77de4a78  00a73f60  00a73f20  
0x7f8c47d8: 00000000  00000001  00000000  77c0c44c  
0x7f8c47e8: 004b3ad4  00c0eb9c  7f8c4a18  77c00b7c  
0x7f8c47f8: 7f8c4820  0000001f  00000000  00000000  
0x7f8c4808: 00000000  00000000  77c252f0  ffffffff  
0x7f8c4818: 00000000  00000064  00000000  00000000  
0x7f8c4828: 00000000  00000000  00000000  00000000  
0x7f8c4838: 00000000  00000000  00000000  00000000  
0x7f8c4848: 00000000  00000000  00000000  00000000  
0x7f8c4858: 00000000  00000000  00000000  00000000  
0x7f8c4868: 00000000  00000000  00000000  00000000  
0x7f8c4878: 00000000  00000000  00000000  00000000  
0x7f8c4888: 00000000  00000000  00000000  00000000  
0x7f8c4898: 00000000  00000000  00000000  00000000  
0x7f8c48a8: 00000000  00000000  00000000  00000000  
0x7f8c48b8: 00000000  00000000  00000000  00000000  
0x7f8c48c8: 00000000  00000000  00000000  00000000  
0x7f8c48d8: 00000000  00000000  00000000  00000000  
0x7f8c48e8: 00000000  00000000  00000000  00000000  
0x7f8c48f8: 00000000  00000000  00000000  00000000  
0x7f8c4908: 00000000  00000000  00000000  00000000  
0x7f8c4918: 00000000  00000000  00000000  00000000  
0x7f8c4928: 00000000  00000000  00000000  00000000  
0x7f8c4938: 00000000  00000000  00000000  00000000  
0x7f8c4948: 00000000  00000000  00000000  00000000  
0x7f8c4958: 00000000  00000000  00000000  00000000  
0x7f8c4968: 00000000  00000000  00000000  00a73f20  
0x7f8c4978: 00000000  00000000  00000000  00000000  
0x7f8c4988: 00000000  00000000  00000000  00000000  
0x7f8c4998: 00000000  00000000  00000000  00000000  
0x7f8c49a8: 00000000  00000000  00000000  00000000  
0x7f8c49b8: 00000000  00000000  00000000  00000000  
0x7f8c49c8: 00000000  00000000  00000000  00000000  
0x7f8c49d8: 00000000  00000000  00000000  00000000  
0x7f8c49e8: 00000000  00000000  00000000  00000000  
0x7f8c49f8: 77d125e0  00000007  00000004  7f8c4a6e  
0x7f8c4a08: 00000003  7f8c5280  76f9a8f0  0040904c  
0x7f8c4a18: 00000015  00000003  00a7c994  00000007  
0x7f8c4a28: 0044f910  7f8c4a5e  7f8c6668  77cf2d90  
0x7f8c4a38: 00000013  00000004  00000000  00000000  
0x7f8c4a48: 77d125e0  00000000  00000015  00010019  
0x7f8c4a58: 00000014  00010000  00000013  00050004  
0x7f8c4a68: 0000000d  00010001  0000000b  00010000  
0x7f8c4a78: 0000000a  00030001  00000009  00010000  
0x7f8c4a88: 7709a7a4  7709de14  770fd980  77de233c  

maps info:
00400000-00432000 r-xp 00000000 1f:00 127        /bin/mapagent
00442000-00448000 rw-p 00032000 1f:00 127        /bin/mapagent
00448000-00449000 rwxp 00000000 00:00 0 
00a61000-00a68000 rwxp 00000000 00:00 0          [heap]
00a68000-00aa0000 rwxp 00000000 00:00 0          [heap]
58800000-588e2000 rw-s 00000000 00:04 0          /SYSV00000000 (deleted)
76d80000-76d83000 r-xp 00000000 1f:00 1215       /lib/libcrypt.so.0
76d83000-76d92000 ---p 00000000 00:00 0 
76d92000-76d93000 rw-p 00002000 1f:00 1215       /lib/libcrypt.so.0
76d93000-76da4000 rw-p 00000000 00:00 0 
76da4000-76de1000 r-xp 00000000 1f:00 1261       /lib/libgettextsrc-0.19.so
76de1000-76df0000 ---p 00000000 00:00 0 
76df0000-76df2000 rw-p 0003c000 1f:00 1261       /lib/libgettextsrc-0.19.so
76df2000-76e3a000 r-xp 00000000 1f:00 1260       /lib/libgettextpo.so.0.5.2
76e3a000-76e49000 ---p 00000000 00:00 0 
76e49000-76e4b000 rw-p 00047000 1f:00 1260       /lib/libgettextpo.so.0.5.2
76e4b000-76e4d000 r-xp 00000000 1f:00 1190       /lib/libasprintf.so.0.0.0
76e4d000-76e5c000 ---p 00000000 00:00 0 
76e5c000-76e5d000 rw-p 00001000 1f:00 1190       /lib/libasprintf.so.0.0.0
76e5d000-76f21000 r-xp 00000000 1f:00 1329       /lib/libstdc++.so.6
76f21000-76f31000 ---p 00000000 00:00 0 
76f31000-76f38000 r--p 000c4000 1f:00 1329       /lib/libstdc++.so.6
76f38000-76f3b000 rw-p 000cb000 1f:00 1329       /lib/libstdc++.so.6
76f3b000-76f41000 rw-p 00000000 00:00 0 
76f41000-76f42000 r-xp 00000000 1f:00 1324       /lib/librt.so.0
76f42000-76f51000 ---p 00000000 00:00 0 
76f51000-76f52000 rw-p 00000000 1f:00 1324       /lib/librt.so.0
76f52000-76f54000 r-xp 00000000 1f:00 1225       /lib/libdl.so.0
76f54000-76f63000 ---p 00000000 00:00 0 
76f63000-76f64000 r--p 00001000 1f:00 1225       /lib/libdl.so.0
76f64000-76f65000 rw-p 00002000 1f:00 1225       /lib/libdl.so.0
76f65000-76fcf000 r-xp 00000000 1f:00 1198       /lib/libc.so.0
76fcf000-76fde000 ---p 00000000 00:00 0 
76fde000-76fdf000 r--p 00069000 1f:00 1198       /lib/libc.so.0
76fdf000-76fe1000 rw-p 0006a000 1f:00 1198       /lib/libc.so.0
76fe1000-76fe6000 rw-p 00000000 00:00 0 
76fe6000-77010000 r-xp 00000000 1f:00 1254       /lib/libgcc_s.so.1
77010000-7701f000 ---p 00000000 00:00 0 
7701f000-77020000 rw-p 00029000 1f:00 1254       /lib/libgcc_s.so.1
77020000-77022000 r-xp 00000000 1f:00 1321       /lib/libqsteer_comm_ext.so
77022000-77031000 ---p 00000000 00:00 0 
77031000-77032000 rw-p 00001000 1f:00 1321       /lib/libqsteer_comm_ext.so
77032000-7704f000 r-xp 00000000 1f:00 1339       /lib/libtransceiver.so
7704f000-7705e000 ---p 00000000 00:00 0 
7705e000-7705f000 rw-p 0001c000 1f:00 1339       /lib/libtransceiver.so
7705f000-77062000 r-xp 00000000 1f:00 1325       /lib/libsimcardctl.so
77062000-77071000 ---p 00000000 00:00 0 
77071000-77072000 rw-p 00002000 1f:00 1325       /lib/libsimcardctl.so
77072000-77089000 r-xp 00000000 1f:00 1297       /lib/libomci.so
77089000-77098000 ---p 00000000 00:00 0 
77098000-77099000 rw-p 00016000 1f:00 1297       /lib/libomci.so
77099000-770c9000 r-xp 00000000 1f:00 1289       /lib/libmdm.so
770c9000-770d8000 ---p 00000000 00:00 0 
770d8000-770ff000 rw-p 0002f000 1f:00 1289       /lib/libmdm.so
770ff000-77105000 r-xp 00000000 1f:00 1269       /lib/libgponctl.so
77105000-77114000 ---p 00000000 00:00 0 
77114000-77115000 rw-p 00005000 1f:00 1269       /lib/libgponctl.so
77115000-77120000 r-xp 00000000 1f:00 1213       /lib/libcms_qdm.so
77120000-7712f000 ---p 00000000 00:00 0 
7712f000-77130000 rw-p 0000a000 1f:00 1213       /lib/libcms_qdm.so
77130000-7717e000 r-xp 00000000 1f:00 1209       /lib/libcms_cli.so
7717e000-7718e000 ---p 00000000 00:00 0 
7718e000-77191000 rw-p 0004e000 1f:00 1209       /lib/libcms_cli.so
77191000-77194000 rw-p 00000000 00:00 0 
77194000-7719f000 r-xp 00000000 1f:00 1338       /lib/libtmctl.so
7719f000-771ae000 ---p 00000000 00:00 0 
771ae000-771af000 rw-p 0000a000 1f:00 1338       /lib/libtmctl.so
771af000-771b3000 r-xp 00000000 1f:00 1322       /lib/librdpactl.so
771b3000-771c2000 ---p 00000000 00:00 0 
771c2000-771c3000 rw-p 00003000 1f:00 1322       /lib/librdpactl.so
771c3000-771c7000 r-xp 00000000 1f:00 1298       /lib/libomcipm_drv.so
771c7000-771d6000 ---p 00000000 00:00 0 
771d6000-771d7000 rw-p 00003000 1f:00 1298       /lib/libomcipm_drv.so
771d7000-771d8000 r-xp 00000000 1f:00 1250       /lib/libfcctl.so
771d8000-771e7000 ---p 00000000 00:00 0 
771e7000-771e8000 rw-p 00000000 1f:00 1250       /lib/libfcctl.so
771e8000-77260000 r-xp 00000000 1f:00 1211       /lib/libcms_dal.so
77260000-77270000 ---p 00000000 00:00 0 
77270000-77272000 rw-p 00078000 1f:00 1211       /lib/libcms_dal.so
77272000-7727b000 rw-p 00000000 00:00 0 
7727b000-7727d000 r-xp 00000000 1f:00 1196       /lib/libbridgeutil.so
7727d000-7728c000 ---p 00000000 00:00 0 
7728c000-7728d000 rw-p 00001000 1f:00 1196       /lib/libbridgeutil.so
7728d000-77296000 r-xp 00000000 1f:00 1344       /lib/libvlanctl.so
77296000-772a5000 ---p 00000000 00:00 0 
772a5000-772a6000 rw-p 00008000 1f:00 1344       /lib/libvlanctl.so
772a6000-772a8000 r-xp 00000000 1f:00 1326       /lib/libsnoopctl.so
772a8000-772b7000 ---p 00000000 00:00 0 
772b7000-772b8000 rw-p 00001000 1f:00 1326       /lib/libsnoopctl.so
772b8000-772ba000 r-xp 00000000 1f:00 1316       /lib/libpwrctl.so
772ba000-772c9000 ---p 00000000 00:00 0 
772c9000-772ca000 rw-p 00001000 1f:00 1316       /lib/libpwrctl.so
772ca000-772cc000 r-xp 00000000 1f:00 1294       /lib/libnanoxml.so
772cc000-772db000 ---p 00000000 00:00 0 
772db000-772dc000 rw-p 00001000 1f:00 1294       /lib/libnanoxml.so
772dc000-772de000 r-xp 00000000 1f:00 1270       /lib/libgponif.so
772de000-772ed000 ---p 00000000 00:00 0 
772ed000-772ee000 rw-p 00001000 1f:00 1270       /lib/libgponif.so
772ee000-772fe000 r-xp 00000000 1f:00 1243       /lib/libethswctl.so
772fe000-7730d000 ---p 00000000 00:00 0 
7730d000-7730e000 rw-p 0000f000 1f:00 1243       /lib/libethswctl.so
7730e000-774d3000 r-xp 00000000 1f:00 1210       /lib/libcms_core.so
774d3000-774e2000 ---p 00000000 00:00 0 
774e2000-774ee000 rw-p 001c4000 1f:00 1210       /lib/libcms_core.so
774ee000-7750e000 rw-p 00000000 00:00 0 
7750e000-7750f000 r-xp 00000000 1f:00 1191       /lib/libbcm_crc.so
7750f000-7751e000 ---p 00000000 00:00 0 
7751e000-7751f000 rw-p 00000000 1f:00 1191       /lib/libbcm_crc.so
7751f000-77525000 r-xp 00000000 1f:00 1192       /lib/libbcm_flashutil.so
77525000-77535000 ---p 00000000 00:00 0 
77535000-77536000 rw-p 00006000 1f:00 1192       /lib/libbcm_flashutil.so
77536000-77539000 r-xp 00000000 1f:00 1212       /lib/libcms_msg.so
77539000-77548000 ---p 00000000 00:00 0 
77548000-77549000 rw-p 00002000 1f:00 1212       /lib/libcms_msg.so
77549000-7754d000 r-xp 00000000 1f:00 1208       /lib/libcms_boardctl.so
7754d000-7755c000 ---p 00000000 00:00 0 
7755c000-7755d000 rw-p 00003000 1f:00 1208       /lib/libcms_boardctl.so
7755d000-77584000 r-xp 00000000 1f:00 1214       /lib/libcms_util.so
77584000-77593000 ---p 00000000 00:00 0 
77593000-77594000 rw-p 00026000 1f:00 1214       /lib/libcms_util.so
77594000-7759a000 r-xp 00000000 1f:00 1295       /lib/libngxutils.so
7759a000-775aa000 ---p 00000000 00:00 0 
775aa000-775ab000 rw-p 00006000 1f:00 1295       /lib/libngxutils.so
775ab000-775bf000 rw-p 00000000 00:00 0 
775bf000-7770a000 r-xp 00000000 1f:00 1217       /lib/libcrypto.so.1.0.0
7770a000-77719000 ---p 00000000 00:00 0 
77719000-7772b000 rw-p 0014a000 1f:00 1217       /lib/libcrypto.so.1.0.0
7772b000-7772c000 rw-p 00000000 00:00 0 
7772c000-77731000 r-xp 00000000 1f:00 1199       /lib/libcJSON.so
77731000-77740000 ---p 00000000 00:00 0 
77740000-77741000 rw-p 00004000 1f:00 1199       /lib/libcJSON.so
77741000-77755000 r-xp 00000000 1f:00 1194       /lib/libbdinfo.so
77755000-77764000 ---p 00000000 00:00 0 
77764000-77766000 rw-p 00013000 1f:00 1194       /lib/libbdinfo.so
77766000-77769000 r-xp 00000000 1f:00 1253       /lib/libffi.so.6.0.4
77769000-77778000 ---p 00000000 00:00 0 
77778000-77779000 rw-p 00002000 1f:00 1253       /lib/libffi.so.6.0.4
77779000-7778a000 r-xp 00000000 1f:00 1337       /lib/libtinyxml.so.0.0.0
7778a000-7779a000 ---p 00000000 00:00 0 
7779a000-7779b000 rw-p 00011000 1f:00 1337       /lib/libtinyxml.so.0.0.0
7779b000-778bd000 r-xp 00000000 1f:00 1256       /lib/libgettextlib-0.19.so
778bd000-778cd000 ---p 00000000 00:00 0 
778cd000-778d1000 rw-p 00122000 1f:00 1256       /lib/libgettextlib-0.19.so
778d1000-778d3000 rw-p 00000000 00:00 0 
778d3000-778d5000 r-xp 00000000 1f:00 1200       /lib/libcalix_lib.so
778d5000-778e4000 ---p 00000000 00:00 0 
778e4000-778e5000 r--p 00001000 1f:00 1200       /lib/libcalix_lib.so
778e5000-778e6000 rw-p 00002000 1f:00 1200       /lib/libcalix_lib.so
778e6000-778ee000 r-xp 00000000 1f:00 1274       /lib/libintl.so.8.1.2
778ee000-778fe000 ---p 00000000 00:00 0 
778fe000-778ff000 rw-p 00008000 1f:00 1274       /lib/libintl.so.8.1.2
778ff000-77a89000 r-xp 00000000 1f:00 1265       /lib/libglib-2.0.so.0.4400.1
77a89000-77a98000 ---p 00000000 00:00 0 
77a98000-77a9b000 rw-p 00189000 1f:00 1265       /lib/libglib-2.0.so.0.4400.1
77a9b000-77aeb000 r-xp 00000000 1f:00 1268       /lib/libgobject-2.0.so.0.4400.1
77aeb000-77afa000 ---p 00000000 00:00 0 
77afa000-77afc000 rw-p 0004f000 1f:00 1268       /lib/libgobject-2.0.so.0.4400.1
77afc000-77b09000 r-xp 00000000 1f:00 1312       /lib/libpthread.so.0
77b09000-77b18000 ---p 00000000 00:00 0 
77b18000-77b19000 r--p 0000c000 1f:00 1312       /lib/libpthread.so.0
77b19000-77b1e000 rw-p 0000d000 1f:00 1312       /lib/libpthread.so.0
77b1e000-77b20000 rw-p 00000000 00:00 0 
77b20000-77b69000 r-xp 00000000 1f:00 1328       /lib/libssl.so.1.0.0
77b69000-77b78000 ---p 00000000 00:00 0 
77b78000-77b7d000 rw-p 00048000 1f:00 1328       /lib/libssl.so.1.0.0
77b7d000-77b80000 r-xp 00000000 1f:00 1288       /lib/libmaputils.so.1.0.0
77b80000-77b8f000 ---p 00000000 00:00 0 
77b8f000-77b90000 rw-p 00002000 1f:00 1288       /lib/libmaputils.so.1.0.0
77b90000-77b9b000 r-xp 00000000 1f:00 1282       /lib/libmapagent.so
77b9b000-77baa000 ---p 00000000 00:00 0 
77baa000-77bab000 rw-p 0000a000 1f:00 1282       /lib/libmapagent.so
77bab000-77bcc000 rw-p 00000000 00:00 0 
77bcc000-77bd8000 r-xp 00000000 1f:00 1334       /lib/libthrift.so.0.0.0
77bd8000-77be7000 ---p 00000000 00:00 0 
77be7000-77be8000 rw-p 0000b000 1f:00 1334       /lib/libthrift.so.0.0.0
77be8000-77c0d000 r-xp 00000000 1f:00 1346       /lib/libwebsockets.so.12
77c0d000-77c1d000 ---p 00000000 00:00 0 
77c1d000-77c1e000 rw-p 00025000 1f:00 1346       /lib/libwebsockets.so.12
77c1e000-77c57000 r-xp 00000000 1f:00 1315       /lib/libpugixml.so.1.0.0
77c57000-77c67000 ---p 00000000 00:00 0 
77c67000-77c68000 rw-p 00039000 1f:00 1315       /lib/libpugixml.so.1.0.0
77c68000-77c71000 r-xp 00000000 1f:00 1357       /lib/libxl_pugi.so.0.0.1
77c71000-77c81000 ---p 00000000 00:00 0 
77c81000-77c82000 rw-p 00009000 1f:00 1357       /lib/libxl_pugi.so.0.0.1
77c82000-77c89000 r-xp 00000000 1f:00 1246       /lib/libexa_lib.so.0.0.1
77c89000-77c98000 ---p 00000000 00:00 0 
77c98000-77c99000 rw-p 00006000 1f:00 1246       /lib/libexa_lib.so.0.0.1
77c99000-77ca3000 r-xp 00000000 1f:00 1343       /lib/libvalidate.so.0.0.1
77ca3000-77cb2000 ---p 00000000 00:00 0 
77cb2000-77cb3000 rw-p 00009000 1f:00 1343       /lib/libvalidate.so.0.0.1
77cb3000-77cbb000 r-xp 00000000 1f:00 1207       /lib/libcmd_parser.so.1.0.1
77cbb000-77ccb000 ---p 00000000 00:00 0 
77ccb000-77ccc000 rw-p 00008000 1f:00 1207       /lib/libcmd_parser.so.1.0.1
77ccc000-77ccd000 rw-p 00000000 00:00 0 
77ccd000-77cd6000 r-xp 00000000 1f:00 1184       /lib/libarc.so.0.0.1
77cd6000-77ce5000 ---p 00000000 00:00 0 
77ce5000-77ce6000 rw-p 00008000 1f:00 1184       /lib/libarc.so.0.0.1
77ce6000-77cfb000 r-xp 00000000 1f:00 1224       /lib/libdaemonlib.so.0.0.1
77cfb000-77d0a000 ---p 00000000 00:00 0 
77d0a000-77d0b000 rw-p 00014000 1f:00 1224       /lib/libdaemonlib.so.0.0.1
77d0b000-77d21000 r-xp 00000000 1f:00 1281       /lib/libm.so.0
77d21000-77d31000 ---p 00000000 00:00 0 
77d31000-77d32000 rw-p 00016000 1f:00 1281       /lib/libm.so.0
77d32000-77d3d000 r-xp 00000000 1f:00 1197       /lib/libbt.so
77d3d000-77d4c000 ---p 00000000 00:00 0 
77d4c000-77d4d000 rw-p 0000a000 1f:00 1197       /lib/libbt.so
77d4d000-77d55000 r-xp 00000000 1f:00 1301       /lib/libp2utils.so.1.0.0
77d55000-77d65000 ---p 00000000 00:00 0 
77d65000-77d67000 rw-p 00008000 1f:00 1301       /lib/libp2utils.so.1.0.0
77d67000-77dcf000 r-xp 00000000 1f:00 1221       /lib/libcurl.so.4.5.0
77dcf000-77dde000 ---p 00000000 00:00 0 
77dde000-77de0000 rw-p 00067000 1f:00 1221       /lib/libcurl.so.4.5.0
77de0000-77de5000 r-xp 00000000 1f:00 1181       /lib/ld-uClibc.so.0
77df0000-77df4000 rw-p 00000000 00:00 0 
77df4000-77df5000 r--p 00004000 1f:00 1181       /lib/ld-uClibc.so.0
77df5000-77df6000 rw-p 00005000 1f:00 1181       /lib/ld-uClibc.so.0
77df6000-77df8000 rw-p 00000000 00:00 0 
7f1fd000-7f200000 rwxp 00000000 00:00 0 
7f8a6000-7f8c7000 rwxp 00000000 00:00 0          [stack]
7fff7000-7fff8000 r-xp 00000000 00:00 0          [vdso]

meminfo:
MemTotal:         226668 kB
MemFree:           52400 kB
Buffers:               0 kB
Cached:            63144 kB
SwapCached:            0 kB
Active:            34524 kB
Inactive:          56560 kB
Active(anon):      28452 kB
Inactive(anon):    29132 kB
Active(file):       6072 kB
Inactive(file):    27428 kB
Unevictable:           0 kB
Mlocked:               0 kB
HighTotal:             0 kB
HighFree:              0 kB
LowTotal:         226668 kB
LowFree:           52400 kB
SwapTotal:             0 kB
SwapFree:              0 kB
Dirty:                 0 kB
Writeback:             0 kB
AnonPages:         27896 kB
Mapped:            11532 kB
Shmem:             29644 kB
Slab:              67812 kB
SReclaimable:       1880 kB
SUnreclaim:        65932 kB
KernelStack:        9152 kB
PageTables:         1328 kB
NFS_Unstable:          0 kB
Bounce:                0 kB
WritebackTmp:          0 kB
CommitLimit:      113332 kB
Committed_AS:      78444 kB
VmallocTotal:    1015800 kB
VmallocUsed:       14392 kB
VmallocChunk:     980560 kB
+++Calix+++CDC+++Premise+++Tailer+++
